============================= test session starts =============================
platform win32 -- Python 3.11.0, pytest-9.0.2, pluggy-1.6.0 -- C:\Users\HP\AppData\Local\Programs\Python\Python311\python.exe
cachedir: .pytest_cache
rootdir: C:\Users\HP\Desktop\ManTacAi\backend
plugins: anyio-4.9.0
collecting ... collected 28 items

tests/test_api.py::test_health_check PASSED                              [  3%]
tests/test_api.py::TestAnalyzeEndpoint::test_empty_text_returns_safe FAILED [  7%]
tests/test_api.py::TestAnalyzeEndpoint::test_simple_message PASSED       [ 10%]
tests/test_api.py::TestAnalyzeEndpoint::test_chat_log_format PASSED      [ 14%]
tests/test_api.py::TestAnalyzeEndpoint::test_context_factors PASSED      [ 17%]
tests/test_api.py::TestAnalyzeEndpoint::test_stateless_mode PASSED       [ 21%]
tests/test_api.py::TestAnalyzeEndpoint::test_response_has_required_fields PASSED [ 25%]
tests/test_api.py::TestAnalyzeEndpoint::test_segment_structure PASSED    [ 28%]
tests/test_api.py::TestAnalyzeEndpoint::test_text_too_long_rejected PASSED [ 32%]
tests/test_api.py::TestAnalyzeEndpoint::test_radar_chart_data_structure PASSED [ 35%]
tests/test_api.py::TestFullAnalysisEndpoint::test_safe_input PASSED      [ 39%]
tests/test_api.py::TestFullAnalysisEndpoint::test_high_risk_input PASSED [ 42%]
tests/test_api.py::TestResetEndpoint::test_reset_returns_success PASSED  [ 46%]
tests/test_parse_chat.py::TestSimpleFormat::test_basic_parse PASSED      [ 50%]
tests/test_parse_chat.py::TestSimpleFormat::test_sender_names PASSED     [ 53%]
tests/test_parse_chat.py::TestSimpleFormat::test_victim_identification PASSED [ 57%]
tests/test_parse_chat.py::TestSimpleFormat::test_suspect_identification PASSED [ 60%]
tests/test_parse_chat.py::TestSimpleFormat::test_consecutive_messages_merged PASSED [ 64%]
tests/test_parse_chat.py::TestWhatsAppFormat::test_wa_format FAILED      [ 67%]
tests/test_parse_chat.py::TestWhatsAppFormat::test_wa_suspect FAILED     [ 71%]
tests/test_parse_chat.py::TestBracketedFormat::test_bracketed_format PASSED [ 75%]
tests/test_parse_chat.py::TestBracketedFormat::test_bracketed_with_date PASSED [ 78%]
tests/test_parse_chat.py::TestEdgeCases::test_empty_input PASSED         [ 82%]
tests/test_parse_chat.py::TestEdgeCases::test_whitespace_only PASSED     [ 85%]
tests/test_parse_chat.py::TestEdgeCases::test_single_line PASSED         [ 89%]
tests/test_parse_chat.py::TestEdgeCases::test_no_speaker_prefix PASSED   [ 92%]
tests/test_parse_chat.py::TestEdgeCases::test_multiple_senders PASSED    [ 96%]
tests/test_parse_chat.py::TestEdgeCases::test_suspect_partial_match PASSED [100%]

================================== FAILURES ===================================
______________ TestAnalyzeEndpoint.test_empty_text_returns_safe _______________
  + Exception Group Traceback (most recent call last):
  |   File "C:\Users\HP\AppData\Local\Programs\Python\Python311\Lib\site-packages\starlette\_utils.py", line 77, in collapse_excgroups
  |     yield
  |   File "C:\Users\HP\AppData\Local\Programs\Python\Python311\Lib\site-packages\starlette\middleware\base.py", line 183, in __call__
  |     async with anyio.create_task_group() as task_group:
  |   File "C:\Users\HP\AppData\Local\Programs\Python\Python311\Lib\site-packages\anyio\_backends\_asyncio.py", line 772, in __aexit__
  |     raise BaseExceptionGroup(
  | ExceptionGroup: unhandled errors in a TaskGroup (1 sub-exception)
  +-+---------------- 1 ----------------
    | Traceback (most recent call last):
    |   File "C:\Users\HP\AppData\Local\Programs\Python\Python311\Lib\site-packages\_pytest\runner.py", line 353, in from_call
    |     result: TResult | None = func()
    |                              ^^^^^^
    |   File "C:\Users\HP\AppData\Local\Programs\Python\Python311\Lib\site-packages\_pytest\runner.py", line 245, in <lambda>
    |     lambda: runtest_hook(item=item, **kwds),
    |             ^^^^^^^^^^^^^^^^^^^^^^^^^^^^^^^
    |   File "C:\Users\HP\AppData\Local\Programs\Python\Python311\Lib\site-packages\pluggy\_hooks.py", line 512, in __call__
    |     return self._hookexec(self.name, self._hookimpls.copy(), kwargs, firstresult)
    |            ^^^^^^^^^^^^^^^^^^^^^^^^^^^^^^^^^^^^^^^^^^^^^^^^^^^^^^^^^^^^^^^^^^^^^^
    |   File "C:\Users\HP\AppData\Local\Programs\Python\Python311\Lib\site-packages\pluggy\_manager.py", line 120, in _hookexec
    |     return self._inner_hookexec(hook_name, methods, kwargs, firstresult)
    |            ^^^^^^^^^^^^^^^^^^^^^^^^^^^^^^^^^^^^^^^^^^^^^^^^^^^^^^^^^^^^^
    |   File "C:\Users\HP\AppData\Local\Programs\Python\Python311\Lib\site-packages\pluggy\_callers.py", line 167, in _multicall
    |     raise exception
    |   File "C:\Users\HP\AppData\Local\Programs\Python\Python311\Lib\site-packages\pluggy\_callers.py", line 139, in _multicall
    |     teardown.throw(exception)
    |   File "C:\Users\HP\AppData\Local\Programs\Python\Python311\Lib\site-packages\_pytest\logging.py", line 850, in pytest_runtest_call
    |     yield
    |   File "C:\Users\HP\AppData\Local\Programs\Python\Python311\Lib\site-packages\pluggy\_callers.py", line 139, in _multicall
    |     teardown.throw(exception)
    |   File "C:\Users\HP\AppData\Local\Programs\Python\Python311\Lib\site-packages\_pytest\capture.py", line 900, in pytest_runtest_call
    |     return (yield)
    |             ^^^^^
    |   File "C:\Users\HP\AppData\Local\Programs\Python\Python311\Lib\site-packages\pluggy\_callers.py", line 139, in _multicall
    |     teardown.throw(exception)
    |   File "C:\Users\HP\AppData\Local\Programs\Python\Python311\Lib\site-packages\_pytest\skipping.py", line 268, in pytest_runtest_call
    |     return (yield)
    |             ^^^^^
    |   File "C:\Users\HP\AppData\Local\Programs\Python\Python311\Lib\site-packages\pluggy\_callers.py", line 121, in _multicall
    |     res = hook_impl.function(*args)
    |           ^^^^^^^^^^^^^^^^^^^^^^^^^
    |   File "C:\Users\HP\AppData\Local\Programs\Python\Python311\Lib\site-packages\_pytest\runner.py", line 179, in pytest_runtest_call
    |     item.runtest()
    |   File "C:\Users\HP\AppData\Local\Programs\Python\Python311\Lib\site-packages\_pytest\python.py", line 1720, in runtest
    |     self.ihook.pytest_pyfunc_call(pyfuncitem=self)
    |   File "C:\Users\HP\AppData\Local\Programs\Python\Python311\Lib\site-packages\pluggy\_hooks.py", line 512, in __call__
    |     return self._hookexec(self.name, self._hookimpls.copy(), kwargs, firstresult)
    |            ^^^^^^^^^^^^^^^^^^^^^^^^^^^^^^^^^^^^^^^^^^^^^^^^^^^^^^^^^^^^^^^^^^^^^^
    |   File "C:\Users\HP\AppData\Local\Programs\Python\Python311\Lib\site-packages\pluggy\_manager.py", line 120, in _hookexec
    |     return self._inner_hookexec(hook_name, methods, kwargs, firstresult)
    |            ^^^^^^^^^^^^^^^^^^^^^^^^^^^^^^^^^^^^^^^^^^^^^^^^^^^^^^^^^^^^^
    |   File "C:\Users\HP\AppData\Local\Programs\Python\Python311\Lib\site-packages\pluggy\_callers.py", line 167, in _multicall
    |     raise exception
    |   File "C:\Users\HP\AppData\Local\Programs\Python\Python311\Lib\site-packages\pluggy\_callers.py", line 121, in _multicall
    |     res = hook_impl.function(*args)
    |           ^^^^^^^^^^^^^^^^^^^^^^^^^
    |   File "C:\Users\HP\AppData\Local\Programs\Python\Python311\Lib\site-packages\_pytest\python.py", line 166, in pytest_pyfunc_call
    |     result = testfunction(**testargs)
    |              ^^^^^^^^^^^^^^^^^^^^^^^^
    |   File "C:\Users\HP\Desktop\ManTacAi\backend\tests\test_api.py", line 37, in test_empty_text_returns_safe
    |     response = client.post("/api/analyze", json={"text": ""})
    |                ^^^^^^^^^^^^^^^^^^^^^^^^^^^^^^^^^^^^^^^^^^^^^^
    |   File "C:\Users\HP\AppData\Local\Programs\Python\Python311\Lib\site-packages\starlette\testclient.py", line 552, in post
    |     return super().post(
    |            ^^^^^^^^^^^^^
    |   File "C:\Users\HP\AppData\Local\Programs\Python\Python311\Lib\site-packages\httpx\_client.py", line 1144, in post
    |     return self.request(
    |            ^^^^^^^^^^^^^
    |   File "C:\Users\HP\AppData\Local\Programs\Python\Python311\Lib\site-packages\starlette\testclient.py", line 451, in request
    |     return super().request(
    |            ^^^^^^^^^^^^^^^^
    |   File "C:\Users\HP\AppData\Local\Programs\Python\Python311\Lib\site-packages\httpx\_client.py", line 825, in request
    |     return self.send(request, auth=auth, follow_redirects=follow_redirects)
    |            ^^^^^^^^^^^^^^^^^^^^^^^^^^^^^^^^^^^^^^^^^^^^^^^^^^^^^^^^^^^^^^^^
    |   File "C:\Users\HP\AppData\Local\Programs\Python\Python311\Lib\site-packages\httpx\_client.py", line 914, in send
    |     response = self._send_handling_auth(
    |                ^^^^^^^^^^^^^^^^^^^^^^^^^
    |   File "C:\Users\HP\AppData\Local\Programs\Python\Python311\Lib\site-packages\httpx\_client.py", line 942, in _send_handling_auth
    |     response = self._send_handling_redirects(
    |                ^^^^^^^^^^^^^^^^^^^^^^^^^^^^^^
    |   File "C:\Users\HP\AppData\Local\Programs\Python\Python311\Lib\site-packages\httpx\_client.py", line 979, in _send_handling_redirects
    |     response = self._send_single_request(request)
    |                ^^^^^^^^^^^^^^^^^^^^^^^^^^^^^^^^^^
    |   File "C:\Users\HP\AppData\Local\Programs\Python\Python311\Lib\site-packages\httpx\_client.py", line 1014, in _send_single_request
    |     response = transport.handle_request(request)
    |                ^^^^^^^^^^^^^^^^^^^^^^^^^^^^^^^^^
    |   File "C:\Users\HP\AppData\Local\Programs\Python\Python311\Lib\site-packages\starlette\testclient.py", line 354, in handle_request
    |     raise exc
    |   File "C:\Users\HP\AppData\Local\Programs\Python\Python311\Lib\site-packages\starlette\testclient.py", line 351, in handle_request
    |     portal.call(self.app, scope, receive, send)
    |   File "C:\Users\HP\AppData\Local\Programs\Python\Python311\Lib\site-packages\anyio\from_thread.py", line 290, in call
    |     return cast(T_Retval, self.start_task_soon(func, *args).result())
    |                           ^^^^^^^^^^^^^^^^^^^^^^^^^^^^^^^^^^^^^^^^^^
    |   File "C:\Users\HP\AppData\Local\Programs\Python\Python311\Lib\concurrent\futures\_base.py", line 456, in result
    |     return self.__get_result()
    |            ^^^^^^^^^^^^^^^^^^^
    |   File "C:\Users\HP\AppData\Local\Programs\Python\Python311\Lib\concurrent\futures\_base.py", line 401, in __get_result
    |     raise self._exception
    |   File "C:\Users\HP\AppData\Local\Programs\Python\Python311\Lib\site-packages\anyio\from_thread.py", line 221, in _call_func
    |     retval = await retval_or_awaitable
    |              ^^^^^^^^^^^^^^^^^^^^^^^^^
    |   File "C:\Users\HP\AppData\Local\Programs\Python\Python311\Lib\site-packages\fastapi\applications.py", line 1054, in __call__
    |     await super().__call__(scope, receive, send)
    |   File "C:\Users\HP\AppData\Local\Programs\Python\Python311\Lib\site-packages\starlette\applications.py", line 113, in __call__
    |     await self.middleware_stack(scope, receive, send)
    |   File "C:\Users\HP\AppData\Local\Programs\Python\Python311\Lib\site-packages\starlette\middleware\errors.py", line 186, in __call__
    |     raise exc
    |   File "C:\Users\HP\AppData\Local\Programs\Python\Python311\Lib\site-packages\starlette\middleware\errors.py", line 164, in __call__
    |     await self.app(scope, receive, _send)
    |   File "C:\Users\HP\AppData\Local\Programs\Python\Python311\Lib\site-packages\starlette\middleware\base.py", line 182, in __call__
    |     with recv_stream, send_stream, collapse_excgroups():
    |   File "C:\Users\HP\AppData\Local\Programs\Python\Python311\Lib\contextlib.py", line 155, in __exit__
    |     self.gen.throw(typ, value, traceback)
    |   File "C:\Users\HP\AppData\Local\Programs\Python\Python311\Lib\site-packages\starlette\_utils.py", line 83, in collapse_excgroups
    |     raise exc
    |   File "C:\Users\HP\AppData\Local\Programs\Python\Python311\Lib\site-packages\starlette\middleware\base.py", line 184, in __call__
    |     response = await self.dispatch_func(request, call_next)
    |                ^^^^^^^^^^^^^^^^^^^^^^^^^^^^^^^^^^^^^^^^^^^^
    |   File "C:\Users\HP\Desktop\ManTacAi\backend\main.py", line 81, in rate_limit_middleware
    |     return await call_next(request)
    |            ^^^^^^^^^^^^^^^^^^^^^^^^
    |   File "C:\Users\HP\AppData\Local\Programs\Python\Python311\Lib\site-packages\starlette\middleware\base.py", line 159, in call_next
    |     raise app_exc
    |   File "C:\Users\HP\AppData\Local\Programs\Python\Python311\Lib\site-packages\starlette\middleware\base.py", line 144, in coro
    |     await self.app(scope, receive_or_disconnect, send_no_error)
    |   File "C:\Users\HP\AppData\Local\Programs\Python\Python311\Lib\site-packages\starlette\middleware\base.py", line 182, in __call__
    |     with recv_stream, send_stream, collapse_excgroups():
    |   File "C:\Users\HP\AppData\Local\Programs\Python\Python311\Lib\contextlib.py", line 155, in __exit__
    |     self.gen.throw(typ, value, traceback)
    |   File "C:\Users\HP\AppData\Local\Programs\Python\Python311\Lib\site-packages\starlette\_utils.py", line 83, in collapse_excgroups
    |     raise exc
    |   File "C:\Users\HP\AppData\Local\Programs\Python\Python311\Lib\site-packages\starlette\middleware\base.py", line 184, in __call__
    |     response = await self.dispatch_func(request, call_next)
    |                ^^^^^^^^^^^^^^^^^^^^^^^^^^^^^^^^^^^^^^^^^^^^
    |   File "C:\Users\HP\Desktop\ManTacAi\backend\main.py", line 48, in verify_api_key
    |     return await call_next(request)
    |            ^^^^^^^^^^^^^^^^^^^^^^^^
    |   File "C:\Users\HP\AppData\Local\Programs\Python\Python311\Lib\site-packages\starlette\middleware\base.py", line 159, in call_next
    |     raise app_exc
    |   File "C:\Users\HP\AppData\Local\Programs\Python\Python311\Lib\site-packages\starlette\middleware\base.py", line 144, in coro
    |     await self.app(scope, receive_or_disconnect, send_no_error)
    |   File "C:\Users\HP\AppData\Local\Programs\Python\Python311\Lib\site-packages\starlette\middleware\cors.py", line 85, in __call__
    |     await self.app(scope, receive, send)
    |   File "C:\Users\HP\AppData\Local\Programs\Python\Python311\Lib\site-packages\starlette\middleware\exceptions.py", line 63, in __call__
    |     await wrap_app_handling_exceptions(self.app, conn)(scope, receive, send)
    |   File "C:\Users\HP\AppData\Local\Programs\Python\Python311\Lib\site-packages\starlette\_exception_handler.py", line 53, in wrapped_app
    |     raise exc
    |   File "C:\Users\HP\AppData\Local\Programs\Python\Python311\Lib\site-packages\starlette\_exception_handler.py", line 42, in wrapped_app
    |     await app(scope, receive, sender)
    |   File "C:\Users\HP\AppData\Local\Programs\Python\Python311\Lib\site-packages\starlette\routing.py", line 716, in __call__
    |     await self.middleware_stack(scope, receive, send)
    |   File "C:\Users\HP\AppData\Local\Programs\Python\Python311\Lib\site-packages\starlette\routing.py", line 736, in app
    |     await route.handle(scope, receive, send)
    |   File "C:\Users\HP\AppData\Local\Programs\Python\Python311\Lib\site-packages\starlette\routing.py", line 290, in handle
    |     await self.app(scope, receive, send)
    |   File "C:\Users\HP\AppData\Local\Programs\Python\Python311\Lib\site-packages\starlette\routing.py", line 78, in app
    |     await wrap_app_handling_exceptions(app, request)(scope, receive, send)
    |   File "C:\Users\HP\AppData\Local\Programs\Python\Python311\Lib\site-packages\starlette\_exception_handler.py", line 53, in wrapped_app
    |     raise exc
    |   File "C:\Users\HP\AppData\Local\Programs\Python\Python311\Lib\site-packages\starlette\_exception_handler.py", line 42, in wrapped_app
    |     await app(scope, receive, sender)
    |   File "C:\Users\HP\AppData\Local\Programs\Python\Python311\Lib\site-packages\starlette\routing.py", line 75, in app
    |     response = await f(request)
    |                ^^^^^^^^^^^^^^^^
    |   File "C:\Users\HP\AppData\Local\Programs\Python\Python311\Lib\site-packages\fastapi\routing.py", line 302, in app
    |     raw_response = await run_endpoint_function(
    |                    ^^^^^^^^^^^^^^^^^^^^^^^^^^^^
    |   File "C:\Users\HP\AppData\Local\Programs\Python\Python311\Lib\site-packages\fastapi\routing.py", line 213, in run_endpoint_function
    |     return await dependant.call(**values)
    |            ^^^^^^^^^^^^^^^^^^^^^^^^^^^^^^
    |   File "C:\Users\HP\Desktop\ManTacAi\backend\main.py", line 289, in analyze_chat
    |     return AnalysisResponse(
    |            ^^^^^^^^^^^^^^^^^
    |   File "C:\Users\HP\AppData\Local\Programs\Python\Python311\Lib\site-packages\pydantic\main.py", line 250, in __init__
    |     validated_self = self.__pydantic_validator__.validate_python(data, self_instance=self)
    |                      ^^^^^^^^^^^^^^^^^^^^^^^^^^^^^^^^^^^^^^^^^^^^^^^^^^^^^^^^^^^^^^^^^^^^^
    | pydantic_core._pydantic_core.ValidationError: 1 validation error for AnalysisResponse
    | radar_chart_data
    |   Field required [type=missing, input_value={'segments': [], 'risk_sc...e': 0.0, 'timeline': []}, input_type=dict]
    |     For further information visit https://errors.pydantic.dev/2.12/v/missing
    +------------------------------------

During handling of the above exception, another exception occurred:

Traceback (most recent call last):
  File "C:\Users\HP\Desktop\ManTacAi\backend\tests\test_api.py", line 37, in test_empty_text_returns_safe
    response = client.post("/api/analyze", json={"text": ""})
               ^^^^^^^^^^^^^^^^^^^^^^^^^^^^^^^^^^^^^^^^^^^^^^
  File "C:\Users\HP\AppData\Local\Programs\Python\Python311\Lib\site-packages\starlette\testclient.py", line 552, in post
    return super().post(
           ^^^^^^^^^^^^^
  File "C:\Users\HP\AppData\Local\Programs\Python\Python311\Lib\site-packages\httpx\_client.py", line 1144, in post
    return self.request(
           ^^^^^^^^^^^^^
  File "C:\Users\HP\AppData\Local\Programs\Python\Python311\Lib\site-packages\starlette\testclient.py", line 451, in request
    return super().request(
           ^^^^^^^^^^^^^^^^
  File "C:\Users\HP\AppData\Local\Programs\Python\Python311\Lib\site-packages\httpx\_client.py", line 825, in request
    return self.send(request, auth=auth, follow_redirects=follow_redirects)
           ^^^^^^^^^^^^^^^^^^^^^^^^^^^^^^^^^^^^^^^^^^^^^^^^^^^^^^^^^^^^^^^^
  File "C:\Users\HP\AppData\Local\Programs\Python\Python311\Lib\site-packages\httpx\_client.py", line 914, in send
    response = self._send_handling_auth(
               ^^^^^^^^^^^^^^^^^^^^^^^^^
  File "C:\Users\HP\AppData\Local\Programs\Python\Python311\Lib\site-packages\httpx\_client.py", line 942, in _send_handling_auth
    response = self._send_handling_redirects(
               ^^^^^^^^^^^^^^^^^^^^^^^^^^^^^^
  File "C:\Users\HP\AppData\Local\Programs\Python\Python311\Lib\site-packages\httpx\_client.py", line 979, in _send_handling_redirects
    response = self._send_single_request(request)
               ^^^^^^^^^^^^^^^^^^^^^^^^^^^^^^^^^^
  File "C:\Users\HP\AppData\Local\Programs\Python\Python311\Lib\site-packages\httpx\_client.py", line 1014, in _send_single_request
    response = transport.handle_request(request)
               ^^^^^^^^^^^^^^^^^^^^^^^^^^^^^^^^^
  File "C:\Users\HP\AppData\Local\Programs\Python\Python311\Lib\site-packages\starlette\testclient.py", line 354, in handle_request
    raise exc
  File "C:\Users\HP\AppData\Local\Programs\Python\Python311\Lib\site-packages\starlette\testclient.py", line 351, in handle_request
    portal.call(self.app, scope, receive, send)
  File "C:\Users\HP\AppData\Local\Programs\Python\Python311\Lib\site-packages\anyio\from_thread.py", line 290, in call
    return cast(T_Retval, self.start_task_soon(func, *args).result())
                          ^^^^^^^^^^^^^^^^^^^^^^^^^^^^^^^^^^^^^^^^^^
  File "C:\Users\HP\AppData\Local\Programs\Python\Python311\Lib\concurrent\futures\_base.py", line 456, in result
    return self.__get_result()
           ^^^^^^^^^^^^^^^^^^^
  File "C:\Users\HP\AppData\Local\Programs\Python\Python311\Lib\concurrent\futures\_base.py", line 401, in __get_result
    raise self._exception
  File "C:\Users\HP\AppData\Local\Programs\Python\Python311\Lib\site-packages\anyio\from_thread.py", line 221, in _call_func
    retval = await retval_or_awaitable
             ^^^^^^^^^^^^^^^^^^^^^^^^^
  File "C:\Users\HP\AppData\Local\Programs\Python\Python311\Lib\site-packages\fastapi\applications.py", line 1054, in __call__
    await super().__call__(scope, receive, send)
  File "C:\Users\HP\AppData\Local\Programs\Python\Python311\Lib\site-packages\starlette\applications.py", line 113, in __call__
    await self.middleware_stack(scope, receive, send)
  File "C:\Users\HP\AppData\Local\Programs\Python\Python311\Lib\site-packages\starlette\middleware\errors.py", line 186, in __call__
    raise exc
  File "C:\Users\HP\AppData\Local\Programs\Python\Python311\Lib\site-packages\starlette\middleware\errors.py", line 164, in __call__
    await self.app(scope, receive, _send)
  File "C:\Users\HP\AppData\Local\Programs\Python\Python311\Lib\site-packages\starlette\middleware\base.py", line 182, in __call__
    with recv_stream, send_stream, collapse_excgroups():
  File "C:\Users\HP\AppData\Local\Programs\Python\Python311\Lib\contextlib.py", line 155, in __exit__
    self.gen.throw(typ, value, traceback)
  File "C:\Users\HP\AppData\Local\Programs\Python\Python311\Lib\site-packages\starlette\_utils.py", line 83, in collapse_excgroups
    raise exc
  File "C:\Users\HP\AppData\Local\Programs\Python\Python311\Lib\site-packages\starlette\middleware\base.py", line 184, in __call__
    response = await self.dispatch_func(request, call_next)
               ^^^^^^^^^^^^^^^^^^^^^^^^^^^^^^^^^^^^^^^^^^^^
  File "C:\Users\HP\Desktop\ManTacAi\backend\main.py", line 81, in rate_limit_middleware
    return await call_next(request)
           ^^^^^^^^^^^^^^^^^^^^^^^^
  File "C:\Users\HP\AppData\Local\Programs\Python\Python311\Lib\site-packages\starlette\middleware\base.py", line 159, in call_next
    raise app_exc
  File "C:\Users\HP\AppData\Local\Programs\Python\Python311\Lib\site-packages\starlette\middleware\base.py", line 144, in coro
    await self.app(scope, receive_or_disconnect, send_no_error)
  File "C:\Users\HP\AppData\Local\Programs\Python\Python311\Lib\site-packages\starlette\middleware\base.py", line 182, in __call__
    with recv_stream, send_stream, collapse_excgroups():
  File "C:\Users\HP\AppData\Local\Programs\Python\Python311\Lib\contextlib.py", line 155, in __exit__
    self.gen.throw(typ, value, traceback)
  File "C:\Users\HP\AppData\Local\Programs\Python\Python311\Lib\site-packages\starlette\_utils.py", line 83, in collapse_excgroups
    raise exc
  File "C:\Users\HP\AppData\Local\Programs\Python\Python311\Lib\site-packages\starlette\middleware\base.py", line 184, in __call__
    response = await self.dispatch_func(request, call_next)
               ^^^^^^^^^^^^^^^^^^^^^^^^^^^^^^^^^^^^^^^^^^^^
  File "C:\Users\HP\Desktop\ManTacAi\backend\main.py", line 48, in verify_api_key
    return await call_next(request)
           ^^^^^^^^^^^^^^^^^^^^^^^^
  File "C:\Users\HP\AppData\Local\Programs\Python\Python311\Lib\site-packages\starlette\middleware\base.py", line 159, in call_next
    raise app_exc
  File "C:\Users\HP\AppData\Local\Programs\Python\Python311\Lib\site-packages\starlette\middleware\base.py", line 144, in coro
    await self.app(scope, receive_or_disconnect, send_no_error)
  File "C:\Users\HP\AppData\Local\Programs\Python\Python311\Lib\site-packages\starlette\middleware\cors.py", line 85, in __call__
    await self.app(scope, receive, send)
  File "C:\Users\HP\AppData\Local\Programs\Python\Python311\Lib\site-packages\starlette\middleware\exceptions.py", line 63, in __call__
    await wrap_app_handling_exceptions(self.app, conn)(scope, receive, send)
  File "C:\Users\HP\AppData\Local\Programs\Python\Python311\Lib\site-packages\starlette\_exception_handler.py", line 53, in wrapped_app
    raise exc
  File "C:\Users\HP\AppData\Local\Programs\Python\Python311\Lib\site-packages\starlette\_exception_handler.py", line 42, in wrapped_app
    await app(scope, receive, sender)
  File "C:\Users\HP\AppData\Local\Programs\Python\Python311\Lib\site-packages\starlette\routing.py", line 716, in __call__
    await self.middleware_stack(scope, receive, send)
  File "C:\Users\HP\AppData\Local\Programs\Python\Python311\Lib\site-packages\starlette\routing.py", line 736, in app
    await route.handle(scope, receive, send)
  File "C:\Users\HP\AppData\Local\Programs\Python\Python311\Lib\site-packages\starlette\routing.py", line 290, in handle
    await self.app(scope, receive, send)
  File "C:\Users\HP\AppData\Local\Programs\Python\Python311\Lib\site-packages\starlette\routing.py", line 78, in app
    await wrap_app_handling_exceptions(app, request)(scope, receive, send)
  File "C:\Users\HP\AppData\Local\Programs\Python\Python311\Lib\site-packages\starlette\_exception_handler.py", line 53, in wrapped_app
    raise exc
  File "C:\Users\HP\AppData\Local\Programs\Python\Python311\Lib\site-packages\starlette\_exception_handler.py", line 42, in wrapped_app
    await app(scope, receive, sender)
  File "C:\Users\HP\AppData\Local\Programs\Python\Python311\Lib\site-packages\starlette\routing.py", line 75, in app
    response = await f(request)
               ^^^^^^^^^^^^^^^^
  File "C:\Users\HP\AppData\Local\Programs\Python\Python311\Lib\site-packages\fastapi\routing.py", line 302, in app
    raw_response = await run_endpoint_function(
                   ^^^^^^^^^^^^^^^^^^^^^^^^^^^^
  File "C:\Users\HP\AppData\Local\Programs\Python\Python311\Lib\site-packages\fastapi\routing.py", line 213, in run_endpoint_function
    return await dependant.call(**values)
           ^^^^^^^^^^^^^^^^^^^^^^^^^^^^^^
  File "C:\Users\HP\Desktop\ManTacAi\backend\main.py", line 289, in analyze_chat
    return AnalysisResponse(
           ^^^^^^^^^^^^^^^^^
  File "C:\Users\HP\AppData\Local\Programs\Python\Python311\Lib\site-packages\pydantic\main.py", line 250, in __init__
    validated_self = self.__pydantic_validator__.validate_python(data, self_instance=self)
                     ^^^^^^^^^^^^^^^^^^^^^^^^^^^^^^^^^^^^^^^^^^^^^^^^^^^^^^^^^^^^^^^^^^^^^
pydantic_core._pydantic_core.ValidationError: 1 validation error for AnalysisResponse
radar_chart_data
  Field required [type=missing, input_value={'segments': [], 'risk_sc...e': 0.0, 'timeline': []}, input_type=dict]
    For further information visit https://errors.pydantic.dev/2.12/v/missing

During handling of the above exception, another exception occurred:

self = <test_api.TestAnalyzeEndpoint object at 0x00000136BF4C0D10>

    def test_empty_text_returns_safe(self):
>       response = client.post("/api/analyze", json={"text": ""})
                   ^^^^^^^^^^^^^^^^^^^^^^^^^^^^^^^^^^^^^^^^^^^^^^

tests\test_api.py:37: 
_ _ _ _ _ _ _ _ _ _ _ _ _ _ _ _ _ _ _ _ _ _ _ _ _ _ _ _ _ _ _ _ _ _ _ _ _ _ _ _

self = <starlette.testclient.TestClient object at 0x00000136F9E84890>
url = '/api/analyze'

    def post(  # type: ignore[override]
        self,
        url: httpx._types.URLTypes,
        *,
        content: httpx._types.RequestContent | None = None,
        data: _RequestData | None = None,
        files: httpx._types.RequestFiles | None = None,
        json: Any = None,
        params: httpx._types.QueryParamTypes | None = None,
        headers: httpx._types.HeaderTypes | None = None,
        cookies: httpx._types.CookieTypes | None = None,
        auth: httpx._types.AuthTypes | httpx._client.UseClientDefault = httpx._client.USE_CLIENT_DEFAULT,
        follow_redirects: bool | httpx._client.UseClientDefault = httpx._client.USE_CLIENT_DEFAULT,
        timeout: httpx._types.TimeoutTypes | httpx._client.UseClientDefault = httpx._client.USE_CLIENT_DEFAULT,
        extensions: dict[str, Any] | None = None,
    ) -> httpx.Response:
>       return super().post(
            url,
            content=content,
            data=data,
            files=files,
            json=json,
            params=params,
            headers=headers,
            cookies=cookies,
            auth=auth,
            follow_redirects=follow_redirects,
            timeout=timeout,
            extensions=extensions,
        )

..\..\..\AppData\Local\Programs\Python\Python311\Lib\site-packages\starlette\testclient.py:552: 
_ _ _ _ _ _ _ _ _ _ _ _ _ _ _ _ _ _ _ _ _ _ _ _ _ _ _ _ _ _ _ _ _ _ _ _ _ _ _ _

self = <starlette.testclient.TestClient object at 0x00000136F9E84890>
url = '/api/analyze'

    def post(
        self,
        url: URL | str,
        *,
        content: RequestContent | None = None,
        data: RequestData | None = None,
        files: RequestFiles | None = None,
        json: typing.Any | None = None,
        params: QueryParamTypes | None = None,
        headers: HeaderTypes | None = None,
        cookies: CookieTypes | None = None,
        auth: AuthTypes | UseClientDefault = USE_CLIENT_DEFAULT,
        follow_redirects: bool | UseClientDefault = USE_CLIENT_DEFAULT,
        timeout: TimeoutTypes | UseClientDefault = USE_CLIENT_DEFAULT,
        extensions: RequestExtensions | None = None,
    ) -> Response:
        """
        Send a `POST` request.
    
        **Parameters**: See `httpx.request`.
        """
>       return self.request(
            "POST",
            url,
            content=content,
            data=data,
            files=files,
            json=json,
            params=params,
            headers=headers,
            cookies=cookies,
            auth=auth,
            follow_redirects=follow_redirects,
            timeout=timeout,
            extensions=extensions,
        )

..\..\..\AppData\Local\Programs\Python\Python311\Lib\site-packages\httpx\_client.py:1144: 
_ _ _ _ _ _ _ _ _ _ _ _ _ _ _ _ _ _ _ _ _ _ _ _ _ _ _ _ _ _ _ _ _ _ _ _ _ _ _ _

self = <starlette.testclient.TestClient object at 0x00000136F9E84890>
method = 'POST', url = URL('http://testserver/api/analyze')

    def request(  # type: ignore[override]
        self,
        method: str,
        url: httpx._types.URLTypes,
        *,
        content: httpx._types.RequestContent | None = None,
        data: _RequestData | None = None,
        files: httpx._types.RequestFiles | None = None,
        json: Any = None,
        params: httpx._types.QueryParamTypes | None = None,
        headers: httpx._types.HeaderTypes | None = None,
        cookies: httpx._types.CookieTypes | None = None,
        auth: httpx._types.AuthTypes | httpx._client.UseClientDefault = httpx._client.USE_CLIENT_DEFAULT,
        follow_redirects: bool | httpx._client.UseClientDefault = httpx._client.USE_CLIENT_DEFAULT,
        timeout: httpx._types.TimeoutTypes | httpx._client.UseClientDefault = httpx._client.USE_CLIENT_DEFAULT,
        extensions: dict[str, Any] | None = None,
    ) -> httpx.Response:
        if timeout is not httpx.USE_CLIENT_DEFAULT:
            warnings.warn(
                "You should not use the 'timeout' argument with the TestClient. "
                "See https://github.com/encode/starlette/issues/1108 for more information.",
                DeprecationWarning,
            )
        url = self._merge_url(url)
>       return super().request(
            method,
            url,
            content=content,
            data=data,
            files=files,
            json=json,
            params=params,
            headers=headers,
            cookies=cookies,
            auth=auth,
            follow_redirects=follow_redirects,
            timeout=timeout,
            extensions=extensions,
        )

..\..\..\AppData\Local\Programs\Python\Python311\Lib\site-packages\starlette\testclient.py:451: 
_ _ _ _ _ _ _ _ _ _ _ _ _ _ _ _ _ _ _ _ _ _ _ _ _ _ _ _ _ _ _ _ _ _ _ _ _ _ _ _

self = <starlette.testclient.TestClient object at 0x00000136F9E84890>
method = 'POST', url = URL('http://testserver/api/analyze')

    def request(
        self,
        method: str,
        url: URL | str,
        *,
        content: RequestContent | None = None,
        data: RequestData | None = None,
        files: RequestFiles | None = None,
        json: typing.Any | None = None,
        params: QueryParamTypes | None = None,
        headers: HeaderTypes | None = None,
        cookies: CookieTypes | None = None,
        auth: AuthTypes | UseClientDefault | None = USE_CLIENT_DEFAULT,
        follow_redirects: bool | UseClientDefault = USE_CLIENT_DEFAULT,
        timeout: TimeoutTypes | UseClientDefault = USE_CLIENT_DEFAULT,
        extensions: RequestExtensions | None = None,
    ) -> Response:
        """
        Build and send a request.
    
        Equivalent to:
    
        ```python
        request = client.build_request(...)
        response = client.send(request, ...)
        ```
    
        See `Client.build_request()`, `Client.send()` and
        [Merging of configuration][0] for how the various parameters
        are merged with client-level configuration.
    
        [0]: /advanced/clients/#merging-of-configuration
        """
        if cookies is not None:
            message = (
                "Setting per-request cookies=<...> is being deprecated, because "
                "the expected behaviour on cookie persistence is ambiguous. Set "
                "cookies directly on the client instance instead."
            )
            warnings.warn(message, DeprecationWarning, stacklevel=2)
    
        request = self.build_request(
            method=method,
            url=url,
            content=content,
            data=data,
            files=files,
            json=json,
            params=params,
            headers=headers,
            cookies=cookies,
            timeout=timeout,
            extensions=extensions,
        )
>       return self.send(request, auth=auth, follow_redirects=follow_redirects)
               ^^^^^^^^^^^^^^^^^^^^^^^^^^^^^^^^^^^^^^^^^^^^^^^^^^^^^^^^^^^^^^^^

..\..\..\AppData\Local\Programs\Python\Python311\Lib\site-packages\httpx\_client.py:825: 
_ _ _ _ _ _ _ _ _ _ _ _ _ _ _ _ _ _ _ _ _ _ _ _ _ _ _ _ _ _ _ _ _ _ _ _ _ _ _ _

self = <starlette.testclient.TestClient object at 0x00000136F9E84890>
request = <Request('POST', 'http://testserver/api/analyze')>

    def send(
        self,
        request: Request,
        *,
        stream: bool = False,
        auth: AuthTypes | UseClientDefault | None = USE_CLIENT_DEFAULT,
        follow_redirects: bool | UseClientDefault = USE_CLIENT_DEFAULT,
    ) -> Response:
        """
        Send a request.
    
        The request is sent as-is, unmodified.
    
        Typically you'll want to build one with `Client.build_request()`
        so that any client-level configuration is merged into the request,
        but passing an explicit `httpx.Request()` is supported as well.
    
        See also: [Request instances][0]
    
        [0]: /advanced/clients/#request-instances
        """
        if self._state == ClientState.CLOSED:
            raise RuntimeError("Cannot send a request, as the client has been closed.")
    
        self._state = ClientState.OPENED
        follow_redirects = (
            self.follow_redirects
            if isinstance(follow_redirects, UseClientDefault)
            else follow_redirects
        )
    
        self._set_timeout(request)
    
        auth = self._build_request_auth(request, auth)
    
>       response = self._send_handling_auth(
            request,
            auth=auth,
            follow_redirects=follow_redirects,
            history=[],
        )

..\..\..\AppData\Local\Programs\Python\Python311\Lib\site-packages\httpx\_client.py:914: 
_ _ _ _ _ _ _ _ _ _ _ _ _ _ _ _ _ _ _ _ _ _ _ _ _ _ _ _ _ _ _ _ _ _ _ _ _ _ _ _

self = <starlette.testclient.TestClient object at 0x00000136F9E84890>
request = <Request('POST', 'http://testserver/api/analyze')>
auth = <httpx.Auth object at 0x00000136BDDD8710>, follow_redirects = True
history = []

    def _send_handling_auth(
        self,
        request: Request,
        auth: Auth,
        follow_redirects: bool,
        history: list[Response],
    ) -> Response:
        auth_flow = auth.sync_auth_flow(request)
        try:
            request = next(auth_flow)
    
            while True:
>               response = self._send_handling_redirects(
                    request,
                    follow_redirects=follow_redirects,
                    history=history,
                )

..\..\..\AppData\Local\Programs\Python\Python311\Lib\site-packages\httpx\_client.py:942: 
_ _ _ _ _ _ _ _ _ _ _ _ _ _ _ _ _ _ _ _ _ _ _ _ _ _ _ _ _ _ _ _ _ _ _ _ _ _ _ _

self = <starlette.testclient.TestClient object at 0x00000136F9E84890>
request = <Request('POST', 'http://testserver/api/analyze')>
follow_redirects = True, history = []

    def _send_handling_redirects(
        self,
        request: Request,
        follow_redirects: bool,
        history: list[Response],
    ) -> Response:
        while True:
            if len(history) > self.max_redirects:
                raise TooManyRedirects(
                    "Exceeded maximum allowed redirects.", request=request
                )
    
            for hook in self._event_hooks["request"]:
                hook(request)
    
>           response = self._send_single_request(request)
                       ^^^^^^^^^^^^^^^^^^^^^^^^^^^^^^^^^^

..\..\..\AppData\Local\Programs\Python\Python311\Lib\site-packages\httpx\_client.py:979: 
_ _ _ _ _ _ _ _ _ _ _ _ _ _ _ _ _ _ _ _ _ _ _ _ _ _ _ _ _ _ _ _ _ _ _ _ _ _ _ _

self = <starlette.testclient.TestClient object at 0x00000136F9E84890>
request = <Request('POST', 'http://testserver/api/analyze')>

    def _send_single_request(self, request: Request) -> Response:
        """
        Sends a single request, without handling any redirections.
        """
        transport = self._transport_for_url(request.url)
        start = time.perf_counter()
    
        if not isinstance(request.stream, SyncByteStream):
            raise RuntimeError(
                "Attempted to send an async request with a sync Client instance."
            )
    
        with request_context(request=request):
>           response = transport.handle_request(request)
                       ^^^^^^^^^^^^^^^^^^^^^^^^^^^^^^^^^

..\..\..\AppData\Local\Programs\Python\Python311\Lib\site-packages\httpx\_client.py:1014: 
_ _ _ _ _ _ _ _ _ _ _ _ _ _ _ _ _ _ _ _ _ _ _ _ _ _ _ _ _ _ _ _ _ _ _ _ _ _ _ _

self = <starlette.testclient._TestClientTransport object at 0x00000136FCEF1F90>
request = <Request('POST', 'http://testserver/api/analyze')>

    def handle_request(self, request: httpx.Request) -> httpx.Response:
        scheme = request.url.scheme
        netloc = request.url.netloc.decode(encoding="ascii")
        path = request.url.path
        raw_path = request.url.raw_path
        query = request.url.query.decode(encoding="ascii")
    
        default_port = {"http": 80, "ws": 80, "https": 443, "wss": 443}[scheme]
    
        if ":" in netloc:
            host, port_string = netloc.split(":", 1)
            port = int(port_string)
        else:
            host = netloc
            port = default_port
    
        # Include the 'host' header.
        if "host" in request.headers:
            headers: list[tuple[bytes, bytes]] = []
        elif port == default_port:  # pragma: no cover
            headers = [(b"host", host.encode())]
        else:  # pragma: no cover
            headers = [(b"host", (f"{host}:{port}").encode())]
    
        # Include other request headers.
        headers += [(key.lower().encode(), value.encode()) for key, value in request.headers.multi_items()]
    
        scope: dict[str, Any]
    
        if scheme in {"ws", "wss"}:
            subprotocol = request.headers.get("sec-websocket-protocol", None)
            if subprotocol is None:
                subprotocols: Sequence[str] = []
            else:
                subprotocols = [value.strip() for value in subprotocol.split(",")]
            scope = {
                "type": "websocket",
                "path": unquote(path),
                "raw_path": raw_path.split(b"?", 1)[0],
                "root_path": self.root_path,
                "scheme": scheme,
                "query_string": query.encode(),
                "headers": headers,
                "client": self.client,
                "server": [host, port],
                "subprotocols": subprotocols,
                "state": self.app_state.copy(),
                "extensions": {"websocket.http.response": {}},
            }
            session = WebSocketTestSession(self.app, scope, self.portal_factory)
            raise _Upgrade(session)
    
        scope = {
            "type": "http",
            "http_version": "1.1",
            "method": request.method,
            "path": unquote(path),
            "raw_path": raw_path.split(b"?", 1)[0],
            "root_path": self.root_path,
            "scheme": scheme,
            "query_string": query.encode(),
            "headers": headers,
            "client": self.client,
            "server": [host, port],
            "extensions": {"http.response.debug": {}},
            "state": self.app_state.copy(),
        }
    
        request_complete = False
        response_started = False
        response_complete: anyio.Event
        raw_kwargs: dict[str, Any] = {"stream": io.BytesIO()}
        template = None
        context = None
    
        async def receive() -> Message:
            nonlocal request_complete
    
            if request_complete:
                if not response_complete.is_set():
                    await response_complete.wait()
                return {"type": "http.disconnect"}
    
            body = request.read()
            if isinstance(body, str):
                body_bytes: bytes = body.encode("utf-8")  # pragma: no cover
            elif body is None:
                body_bytes = b""  # pragma: no cover
            elif isinstance(body, GeneratorType):
                try:  # pragma: no cover
                    chunk = body.send(None)
                    if isinstance(chunk, str):
                        chunk = chunk.encode("utf-8")
                    return {"type": "http.request", "body": chunk, "more_body": True}
                except StopIteration:  # pragma: no cover
                    request_complete = True
                    return {"type": "http.request", "body": b""}
            else:
                body_bytes = body
    
            request_complete = True
            return {"type": "http.request", "body": body_bytes}
    
        async def send(message: Message) -> None:
            nonlocal raw_kwargs, response_started, template, context
    
            if message["type"] == "http.response.start":
                assert not response_started, 'Received multiple "http.response.start" messages.'
                raw_kwargs["status_code"] = message["status"]
                raw_kwargs["headers"] = [(key.decode(), value.decode()) for key, value in message.get("headers", [])]
                response_started = True
            elif message["type"] == "http.response.body":
                assert response_started, 'Received "http.response.body" without "http.response.start".'
                assert not response_complete.is_set(), 'Received "http.response.body" after response completed.'
                body = message.get("body", b"")
                more_body = message.get("more_body", False)
                if request.method != "HEAD":
                    raw_kwargs["stream"].write(body)
                if not more_body:
                    raw_kwargs["stream"].seek(0)
                    response_complete.set()
            elif message["type"] == "http.response.debug":
                template = message["info"]["template"]
                context = message["info"]["context"]
    
        try:
            with self.portal_factory() as portal:
                response_complete = portal.call(anyio.Event)
                portal.call(self.app, scope, receive, send)
        except BaseException as exc:
            if self.raise_server_exceptions:
>               raise exc

..\..\..\AppData\Local\Programs\Python\Python311\Lib\site-packages\starlette\testclient.py:354: 
_ _ _ _ _ _ _ _ _ _ _ _ _ _ _ _ _ _ _ _ _ _ _ _ _ _ _ _ _ _ _ _ _ _ _ _ _ _ _ _

self = <starlette.testclient._TestClientTransport object at 0x00000136FCEF1F90>
request = <Request('POST', 'http://testserver/api/analyze')>

    def handle_request(self, request: httpx.Request) -> httpx.Response:
        scheme = request.url.scheme
        netloc = request.url.netloc.decode(encoding="ascii")
        path = request.url.path
        raw_path = request.url.raw_path
        query = request.url.query.decode(encoding="ascii")
    
        default_port = {"http": 80, "ws": 80, "https": 443, "wss": 443}[scheme]
    
        if ":" in netloc:
            host, port_string = netloc.split(":", 1)
            port = int(port_string)
        else:
            host = netloc
            port = default_port
    
        # Include the 'host' header.
        if "host" in request.headers:
            headers: list[tuple[bytes, bytes]] = []
        elif port == default_port:  # pragma: no cover
            headers = [(b"host", host.encode())]
        else:  # pragma: no cover
            headers = [(b"host", (f"{host}:{port}").encode())]
    
        # Include other request headers.
        headers += [(key.lower().encode(), value.encode()) for key, value in request.headers.multi_items()]
    
        scope: dict[str, Any]
    
        if scheme in {"ws", "wss"}:
            subprotocol = request.headers.get("sec-websocket-protocol", None)
            if subprotocol is None:
                subprotocols: Sequence[str] = []
            else:
                subprotocols = [value.strip() for value in subprotocol.split(",")]
            scope = {
                "type": "websocket",
                "path": unquote(path),
                "raw_path": raw_path.split(b"?", 1)[0],
                "root_path": self.root_path,
                "scheme": scheme,
                "query_string": query.encode(),
                "headers": headers,
                "client": self.client,
                "server": [host, port],
                "subprotocols": subprotocols,
                "state": self.app_state.copy(),
                "extensions": {"websocket.http.response": {}},
            }
            session = WebSocketTestSession(self.app, scope, self.portal_factory)
            raise _Upgrade(session)
    
        scope = {
            "type": "http",
            "http_version": "1.1",
            "method": request.method,
            "path": unquote(path),
            "raw_path": raw_path.split(b"?", 1)[0],
            "root_path": self.root_path,
            "scheme": scheme,
            "query_string": query.encode(),
            "headers": headers,
            "client": self.client,
            "server": [host, port],
            "extensions": {"http.response.debug": {}},
            "state": self.app_state.copy(),
        }
    
        request_complete = False
        response_started = False
        response_complete: anyio.Event
        raw_kwargs: dict[str, Any] = {"stream": io.BytesIO()}
        template = None
        context = None
    
        async def receive() -> Message:
            nonlocal request_complete
    
            if request_complete:
                if not response_complete.is_set():
                    await response_complete.wait()
                return {"type": "http.disconnect"}
    
            body = request.read()
            if isinstance(body, str):
                body_bytes: bytes = body.encode("utf-8")  # pragma: no cover
            elif body is None:
                body_bytes = b""  # pragma: no cover
            elif isinstance(body, GeneratorType):
                try:  # pragma: no cover
                    chunk = body.send(None)
                    if isinstance(chunk, str):
                        chunk = chunk.encode("utf-8")
                    return {"type": "http.request", "body": chunk, "more_body": True}
                except StopIteration:  # pragma: no cover
                    request_complete = True
                    return {"type": "http.request", "body": b""}
            else:
                body_bytes = body
    
            request_complete = True
            return {"type": "http.request", "body": body_bytes}
    
        async def send(message: Message) -> None:
            nonlocal raw_kwargs, response_started, template, context
    
            if message["type"] == "http.response.start":
                assert not response_started, 'Received multiple "http.response.start" messages.'
                raw_kwargs["status_code"] = message["status"]
                raw_kwargs["headers"] = [(key.decode(), value.decode()) for key, value in message.get("headers", [])]
                response_started = True
            elif message["type"] == "http.response.body":
                assert response_started, 'Received "http.response.body" without "http.response.start".'
                assert not response_complete.is_set(), 'Received "http.response.body" after response completed.'
                body = message.get("body", b"")
                more_body = message.get("more_body", False)
                if request.method != "HEAD":
                    raw_kwargs["stream"].write(body)
                if not more_body:
                    raw_kwargs["stream"].seek(0)
                    response_complete.set()
            elif message["type"] == "http.response.debug":
                template = message["info"]["template"]
                context = message["info"]["context"]
    
        try:
            with self.portal_factory() as portal:
                response_complete = portal.call(anyio.Event)
>               portal.call(self.app, scope, receive, send)

..\..\..\AppData\Local\Programs\Python\Python311\Lib\site-packages\starlette\testclient.py:351: 
_ _ _ _ _ _ _ _ _ _ _ _ _ _ _ _ _ _ _ _ _ _ _ _ _ _ _ _ _ _ _ _ _ _ _ _ _ _ _ _

self = <anyio._backends._asyncio.BlockingPortal object at 0x00000136BF578150>
func = <fastapi.applications.FastAPI object at 0x00000136FE090790>
args = ({'app': <fastapi.applications.FastAPI object at 0x00000136FE090790>, 'client': ('testclient', 50000), 'endpoint': <fu...ls>.receive at 0x00000136BF4AFCE0>, <function _TestClientTransport.handle_request.<locals>.send at 0x00000136BF534040>)

    def call(
        self,
        func: Callable[[Unpack[PosArgsT]], Awaitable[T_Retval] | T_Retval],
        *args: Unpack[PosArgsT],
    ) -> T_Retval:
        """
        Call the given function in the event loop thread.
    
        If the callable returns a coroutine object, it is awaited on.
    
        :param func: any callable
        :raises RuntimeError: if the portal is not running or if this method is called
            from within the event loop thread
    
        """
>       return cast(T_Retval, self.start_task_soon(func, *args).result())
                              ^^^^^^^^^^^^^^^^^^^^^^^^^^^^^^^^^^^^^^^^^^

..\..\..\AppData\Local\Programs\Python\Python311\Lib\site-packages\anyio\from_thread.py:290: 
_ _ _ _ _ _ _ _ _ _ _ _ _ _ _ _ _ _ _ _ _ _ _ _ _ _ _ _ _ _ _ _ _ _ _ _ _ _ _ _

self = None, timeout = None

    def result(self, timeout=None):
        """Return the result of the call that the future represents.
    
        Args:
            timeout: The number of seconds to wait for the result if the future
                isn't done. If None, then there is no limit on the wait time.
    
        Returns:
            The result of the call that the future represents.
    
        Raises:
            CancelledError: If the future was cancelled.
            TimeoutError: If the future didn't finish executing before the given
                timeout.
            Exception: If the call raised then that exception will be raised.
        """
        try:
            with self._condition:
                if self._state in [CANCELLED, CANCELLED_AND_NOTIFIED]:
                    raise CancelledError()
                elif self._state == FINISHED:
                    return self.__get_result()
    
                self._condition.wait(timeout)
    
                if self._state in [CANCELLED, CANCELLED_AND_NOTIFIED]:
                    raise CancelledError()
                elif self._state == FINISHED:
>                   return self.__get_result()
                           ^^^^^^^^^^^^^^^^^^^

..\..\..\AppData\Local\Programs\Python\Python311\Lib\concurrent\futures\_base.py:456: 
_ _ _ _ _ _ _ _ _ _ _ _ _ _ _ _ _ _ _ _ _ _ _ _ _ _ _ _ _ _ _ _ _ _ _ _ _ _ _ _

self = None

    def __get_result(self):
        if self._exception:
            try:
>               raise self._exception

..\..\..\AppData\Local\Programs\Python\Python311\Lib\concurrent\futures\_base.py:401: 
_ _ _ _ _ _ _ _ _ _ _ _ _ _ _ _ _ _ _ _ _ _ _ _ _ _ _ _ _ _ _ _ _ _ _ _ _ _ _ _

self = <anyio._backends._asyncio.BlockingPortal object at 0x00000136BF578150>
func = <fastapi.applications.FastAPI object at 0x00000136FE090790>
args = ({'app': <fastapi.applications.FastAPI object at 0x00000136FE090790>, 'client': ('testclient', 50000), 'endpoint': <fu...ls>.receive at 0x00000136BF4AFCE0>, <function _TestClientTransport.handle_request.<locals>.send at 0x00000136BF534040>)
kwargs = {}
future = <Future at 0x136bf531290 state=finished raised ValidationError>

    async def _call_func(
        self,
        func: Callable[[Unpack[PosArgsT]], Awaitable[T_Retval] | T_Retval],
        args: tuple[Unpack[PosArgsT]],
        kwargs: dict[str, Any],
        future: Future[T_Retval],
    ) -> None:
        def callback(f: Future[T_Retval]) -> None:
            if f.cancelled() and self._event_loop_thread_id not in (
                None,
                get_ident(),
            ):
                self.call(scope.cancel)
    
        try:
            retval_or_awaitable = func(*args, **kwargs)
            if isawaitable(retval_or_awaitable):
                with CancelScope() as scope:
                    if future.cancelled():
                        scope.cancel()
                    else:
                        future.add_done_callback(callback)
    
>                   retval = await retval_or_awaitable
                             ^^^^^^^^^^^^^^^^^^^^^^^^^

..\..\..\AppData\Local\Programs\Python\Python311\Lib\site-packages\anyio\from_thread.py:221: 
_ _ _ _ _ _ _ _ _ _ _ _ _ _ _ _ _ _ _ _ _ _ _ _ _ _ _ _ _ _ _ _ _ _ _ _ _ _ _ _

self = <fastapi.applications.FastAPI object at 0x00000136FE090790>
scope = {'app': <fastapi.applications.FastAPI object at 0x00000136FE090790>, 'client': ('testclient', 50000), 'endpoint': <function analyze_chat at 0x00000136BF4AC9A0>, 'extensions': {'http.response.debug': {}}, ...}
receive = <function _TestClientTransport.handle_request.<locals>.receive at 0x00000136BF4AFCE0>
send = <function _TestClientTransport.handle_request.<locals>.send at 0x00000136BF534040>

    async def __call__(self, scope: Scope, receive: Receive, send: Send) -> None:
        if self.root_path:
            scope["root_path"] = self.root_path
>       await super().__call__(scope, receive, send)

..\..\..\AppData\Local\Programs\Python\Python311\Lib\site-packages\fastapi\applications.py:1054: 
_ _ _ _ _ _ _ _ _ _ _ _ _ _ _ _ _ _ _ _ _ _ _ _ _ _ _ _ _ _ _ _ _ _ _ _ _ _ _ _

self = <fastapi.applications.FastAPI object at 0x00000136FE090790>
scope = {'app': <fastapi.applications.FastAPI object at 0x00000136FE090790>, 'client': ('testclient', 50000), 'endpoint': <function analyze_chat at 0x00000136BF4AC9A0>, 'extensions': {'http.response.debug': {}}, ...}
receive = <function _TestClientTransport.handle_request.<locals>.receive at 0x00000136BF4AFCE0>
send = <function _TestClientTransport.handle_request.<locals>.send at 0x00000136BF534040>

    async def __call__(self, scope: Scope, receive: Receive, send: Send) -> None:
        scope["app"] = self
        if self.middleware_stack is None:
            self.middleware_stack = self.build_middleware_stack()
>       await self.middleware_stack(scope, receive, send)

..\..\..\AppData\Local\Programs\Python\Python311\Lib\site-packages\starlette\applications.py:113: 
_ _ _ _ _ _ _ _ _ _ _ _ _ _ _ _ _ _ _ _ _ _ _ _ _ _ _ _ _ _ _ _ _ _ _ _ _ _ _ _

self = <starlette.middleware.errors.ServerErrorMiddleware object at 0x00000136BF557F90>
scope = {'app': <fastapi.applications.FastAPI object at 0x00000136FE090790>, 'client': ('testclient', 50000), 'endpoint': <function analyze_chat at 0x00000136BF4AC9A0>, 'extensions': {'http.response.debug': {}}, ...}
receive = <function _TestClientTransport.handle_request.<locals>.receive at 0x00000136BF4AFCE0>
send = <function _TestClientTransport.handle_request.<locals>.send at 0x00000136BF534040>

    async def __call__(self, scope: Scope, receive: Receive, send: Send) -> None:
        if scope["type"] != "http":
            await self.app(scope, receive, send)
            return
    
        response_started = False
    
        async def _send(message: Message) -> None:
            nonlocal response_started, send
    
            if message["type"] == "http.response.start":
                response_started = True
            await send(message)
    
        try:
            await self.app(scope, receive, _send)
        except Exception as exc:
            request = Request(scope)
            if self.debug:
                # In debug mode, return traceback responses.
                response = self.debug_response(request, exc)
            elif self.handler is None:
                # Use our default 500 error handler.
                response = self.error_response(request, exc)
            else:
                # Use an installed 500 error handler.
                if is_async_callable(self.handler):
                    response = await self.handler(request, exc)
                else:
                    response = await run_in_threadpool(self.handler, request, exc)
    
            if not response_started:
                await response(scope, receive, send)
    
            # We always continue to raise the exception.
            # This allows servers to log the error, or allows test clients
            # to optionally raise the error within the test case.
>           raise exc

..\..\..\AppData\Local\Programs\Python\Python311\Lib\site-packages\starlette\middleware\errors.py:186: 
_ _ _ _ _ _ _ _ _ _ _ _ _ _ _ _ _ _ _ _ _ _ _ _ _ _ _ _ _ _ _ _ _ _ _ _ _ _ _ _

self = <starlette.middleware.errors.ServerErrorMiddleware object at 0x00000136BF557F90>
scope = {'app': <fastapi.applications.FastAPI object at 0x00000136FE090790>, 'client': ('testclient', 50000), 'endpoint': <function analyze_chat at 0x00000136BF4AC9A0>, 'extensions': {'http.response.debug': {}}, ...}
receive = <function _TestClientTransport.handle_request.<locals>.receive at 0x00000136BF4AFCE0>
send = <function _TestClientTransport.handle_request.<locals>.send at 0x00000136BF534040>

    async def __call__(self, scope: Scope, receive: Receive, send: Send) -> None:
        if scope["type"] != "http":
            await self.app(scope, receive, send)
            return
    
        response_started = False
    
        async def _send(message: Message) -> None:
            nonlocal response_started, send
    
            if message["type"] == "http.response.start":
                response_started = True
            await send(message)
    
        try:
>           await self.app(scope, receive, _send)

..\..\..\AppData\Local\Programs\Python\Python311\Lib\site-packages\starlette\middleware\errors.py:164: 
_ _ _ _ _ _ _ _ _ _ _ _ _ _ _ _ _ _ _ _ _ _ _ _ _ _ _ _ _ _ _ _ _ _ _ _ _ _ _ _

self = <starlette.middleware.base.BaseHTTPMiddleware object at 0x00000136BF557F50>
scope = {'app': <fastapi.applications.FastAPI object at 0x00000136FE090790>, 'client': ('testclient', 50000), 'endpoint': <function analyze_chat at 0x00000136BF4AC9A0>, 'extensions': {'http.response.debug': {}}, ...}
receive = <function _TestClientTransport.handle_request.<locals>.receive at 0x00000136BF4AFCE0>
send = <function ServerErrorMiddleware.__call__.<locals>._send at 0x00000136BF572980>

    async def __call__(self, scope: Scope, receive: Receive, send: Send) -> None:
        if scope["type"] != "http":
            await self.app(scope, receive, send)
            return
    
        request = _CachedRequest(scope, receive)
        wrapped_receive = request.wrapped_receive
        response_sent = anyio.Event()
        app_exc: Exception | None = None
        exception_already_raised = False
    
        async def call_next(request: Request) -> Response:
            async def receive_or_disconnect() -> Message:
                if response_sent.is_set():
                    return {"type": "http.disconnect"}
    
                async with anyio.create_task_group() as task_group:
    
                    async def wrap(func: Callable[[], Awaitable[T]]) -> T:
                        result = await func()
                        task_group.cancel_scope.cancel()
                        return result
    
                    task_group.start_soon(wrap, response_sent.wait)
                    message = await wrap(wrapped_receive)
    
                if response_sent.is_set():
                    return {"type": "http.disconnect"}
    
                return message
    
            async def send_no_error(message: Message) -> None:
                try:
                    await send_stream.send(message)
                except anyio.BrokenResourceError:
                    # recv_stream has been closed, i.e. response_sent has been set.
                    return
    
            async def coro() -> None:
                nonlocal app_exc
    
                with send_stream:
                    try:
                        await self.app(scope, receive_or_disconnect, send_no_error)
                    except Exception as exc:
                        app_exc = exc
    
            task_group.start_soon(coro)
    
            try:
                message = await recv_stream.receive()
                info = message.get("info", None)
                if message["type"] == "http.response.debug" and info is not None:
                    message = await recv_stream.receive()
            except anyio.EndOfStream:
                if app_exc is not None:
                    nonlocal exception_already_raised
                    exception_already_raised = True
                    raise app_exc
                raise RuntimeError("No response returned.")
    
            assert message["type"] == "http.response.start"
    
            async def body_stream() -> BodyStreamGenerator:
                async for message in recv_stream:
                    if message["type"] == "http.response.pathsend":
                        yield message
                        break
                    assert message["type"] == "http.response.body", f"Unexpected message: {message}"
                    body = message.get("body", b"")
                    if body:
                        yield body
                    if not message.get("more_body", False):
                        break
    
            response = _StreamingResponse(status_code=message["status"], content=body_stream(), info=info)
            response.raw_headers = message["headers"]
            return response
    
        streams: anyio.create_memory_object_stream[Message] = anyio.create_memory_object_stream()
        send_stream, recv_stream = streams
>       with recv_stream, send_stream, collapse_excgroups():

..\..\..\AppData\Local\Programs\Python\Python311\Lib\site-packages\starlette\middleware\base.py:182: 
_ _ _ _ _ _ _ _ _ _ _ _ _ _ _ _ _ _ _ _ _ _ _ _ _ _ _ _ _ _ _ _ _ _ _ _ _ _ _ _

self = <contextlib._GeneratorContextManager object at 0x00000136BF578A10>
typ = <class 'ExceptionGroup'>
value = ExceptionGroup('unhandled errors in a TaskGroup', [1 validation error for AnalysisResponse
radar_chart_data
  Field re...: 0.0, 'timeline': []}, input_type=dict]
    For further information visit https://errors.pydantic.dev/2.12/v/missing])
traceback = <traceback object at 0x00000136CBD43040>

    def __exit__(self, typ, value, traceback):
        if typ is None:
            try:
                next(self.gen)
            except StopIteration:
                return False
            else:
                raise RuntimeError("generator didn't stop")
        else:
            if value is None:
                # Need to force instantiation so we can reliably
                # tell if we get the same exception back
                value = typ()
            try:
>               self.gen.throw(typ, value, traceback)

..\..\..\AppData\Local\Programs\Python\Python311\Lib\contextlib.py:155: 
_ _ _ _ _ _ _ _ _ _ _ _ _ _ _ _ _ _ _ _ _ _ _ _ _ _ _ _ _ _ _ _ _ _ _ _ _ _ _ _

    @contextmanager
    def collapse_excgroups() -> Generator[None, None, None]:
        try:
            yield
        except BaseException as exc:
            if has_exceptiongroups:  # pragma: no cover
                while isinstance(exc, BaseExceptionGroup) and len(exc.exceptions) == 1:
                    exc = exc.exceptions[0]
    
>           raise exc

..\..\..\AppData\Local\Programs\Python\Python311\Lib\site-packages\starlette\_utils.py:83: 
_ _ _ _ _ _ _ _ _ _ _ _ _ _ _ _ _ _ _ _ _ _ _ _ _ _ _ _ _ _ _ _ _ _ _ _ _ _ _ _

self = <starlette.middleware.base.BaseHTTPMiddleware object at 0x00000136BF557F50>
scope = {'app': <fastapi.applications.FastAPI object at 0x00000136FE090790>, 'client': ('testclient', 50000), 'endpoint': <function analyze_chat at 0x00000136BF4AC9A0>, 'extensions': {'http.response.debug': {}}, ...}
receive = <function _TestClientTransport.handle_request.<locals>.receive at 0x00000136BF4AFCE0>
send = <function ServerErrorMiddleware.__call__.<locals>._send at 0x00000136BF572980>

    async def __call__(self, scope: Scope, receive: Receive, send: Send) -> None:
        if scope["type"] != "http":
            await self.app(scope, receive, send)
            return
    
        request = _CachedRequest(scope, receive)
        wrapped_receive = request.wrapped_receive
        response_sent = anyio.Event()
        app_exc: Exception | None = None
        exception_already_raised = False
    
        async def call_next(request: Request) -> Response:
            async def receive_or_disconnect() -> Message:
                if response_sent.is_set():
                    return {"type": "http.disconnect"}
    
                async with anyio.create_task_group() as task_group:
    
                    async def wrap(func: Callable[[], Awaitable[T]]) -> T:
                        result = await func()
                        task_group.cancel_scope.cancel()
                        return result
    
                    task_group.start_soon(wrap, response_sent.wait)
                    message = await wrap(wrapped_receive)
    
                if response_sent.is_set():
                    return {"type": "http.disconnect"}
    
                return message
    
            async def send_no_error(message: Message) -> None:
                try:
                    await send_stream.send(message)
                except anyio.BrokenResourceError:
                    # recv_stream has been closed, i.e. response_sent has been set.
                    return
    
            async def coro() -> None:
                nonlocal app_exc
    
                with send_stream:
                    try:
                        await self.app(scope, receive_or_disconnect, send_no_error)
                    except Exception as exc:
                        app_exc = exc
    
            task_group.start_soon(coro)
    
            try:
                message = await recv_stream.receive()
                info = message.get("info", None)
                if message["type"] == "http.response.debug" and info is not None:
                    message = await recv_stream.receive()
            except anyio.EndOfStream:
                if app_exc is not None:
                    nonlocal exception_already_raised
                    exception_already_raised = True
                    raise app_exc
                raise RuntimeError("No response returned.")
    
            assert message["type"] == "http.response.start"
    
            async def body_stream() -> BodyStreamGenerator:
                async for message in recv_stream:
                    if message["type"] == "http.response.pathsend":
                        yield message
                        break
                    assert message["type"] == "http.response.body", f"Unexpected message: {message}"
                    body = message.get("body", b"")
                    if body:
                        yield body
                    if not message.get("more_body", False):
                        break
    
            response = _StreamingResponse(status_code=message["status"], content=body_stream(), info=info)
            response.raw_headers = message["headers"]
            return response
    
        streams: anyio.create_memory_object_stream[Message] = anyio.create_memory_object_stream()
        send_stream, recv_stream = streams
        with recv_stream, send_stream, collapse_excgroups():
            async with anyio.create_task_group() as task_group:
>               response = await self.dispatch_func(request, call_next)
                           ^^^^^^^^^^^^^^^^^^^^^^^^^^^^^^^^^^^^^^^^^^^^

..\..\..\AppData\Local\Programs\Python\Python311\Lib\site-packages\starlette\middleware\base.py:184: 
_ _ _ _ _ _ _ _ _ _ _ _ _ _ _ _ _ _ _ _ _ _ _ _ _ _ _ _ _ _ _ _ _ _ _ _ _ _ _ _

request = <starlette.middleware.base._CachedRequest object at 0x00000136BF578550>
call_next = <function BaseHTTPMiddleware.__call__.<locals>.call_next at 0x00000136BF572DE0>

    @app.middleware("http")
    async def rate_limit_middleware(request: Request, call_next):
        """Simple in-memory rate limiter for the analyze endpoint."""
        if request.method != "POST" or "/api/analyze" not in request.url.path:
            return await call_next(request)
    
        client_ip = request.client.host if request.client else "unknown"
        now = time.time()
    
        # Clean old entries (older than 60s)
        _request_log[client_ip] = [t for t in _request_log[client_ip] if now - t < 60]
    
        if len(_request_log[client_ip]) >= _rate_limit:
            return JSONResponse(
                status_code=429,
                content={"detail": f"Rate limit exceeded. Max {_rate_limit} requests per minute."}
            )
    
        _request_log[client_ip].append(now)
>       return await call_next(request)
               ^^^^^^^^^^^^^^^^^^^^^^^^

main.py:81: 
_ _ _ _ _ _ _ _ _ _ _ _ _ _ _ _ _ _ _ _ _ _ _ _ _ _ _ _ _ _ _ _ _ _ _ _ _ _ _ _

request = <starlette.middleware.base._CachedRequest object at 0x00000136BF578550>

    async def call_next(request: Request) -> Response:
        async def receive_or_disconnect() -> Message:
            if response_sent.is_set():
                return {"type": "http.disconnect"}
    
            async with anyio.create_task_group() as task_group:
    
                async def wrap(func: Callable[[], Awaitable[T]]) -> T:
                    result = await func()
                    task_group.cancel_scope.cancel()
                    return result
    
                task_group.start_soon(wrap, response_sent.wait)
                message = await wrap(wrapped_receive)
    
            if response_sent.is_set():
                return {"type": "http.disconnect"}
    
            return message
    
        async def send_no_error(message: Message) -> None:
            try:
                await send_stream.send(message)
            except anyio.BrokenResourceError:
                # recv_stream has been closed, i.e. response_sent has been set.
                return
    
        async def coro() -> None:
            nonlocal app_exc
    
            with send_stream:
                try:
                    await self.app(scope, receive_or_disconnect, send_no_error)
                except Exception as exc:
                    app_exc = exc
    
        task_group.start_soon(coro)
    
        try:
            message = await recv_stream.receive()
            info = message.get("info", None)
            if message["type"] == "http.response.debug" and info is not None:
                message = await recv_stream.receive()
        except anyio.EndOfStream:
            if app_exc is not None:
                nonlocal exception_already_raised
                exception_already_raised = True
>               raise app_exc

..\..\..\AppData\Local\Programs\Python\Python311\Lib\site-packages\starlette\middleware\base.py:159: 
_ _ _ _ _ _ _ _ _ _ _ _ _ _ _ _ _ _ _ _ _ _ _ _ _ _ _ _ _ _ _ _ _ _ _ _ _ _ _ _

    async def coro() -> None:
        nonlocal app_exc
    
        with send_stream:
            try:
>               await self.app(scope, receive_or_disconnect, send_no_error)

..\..\..\AppData\Local\Programs\Python\Python311\Lib\site-packages\starlette\middleware\base.py:144: 
_ _ _ _ _ _ _ _ _ _ _ _ _ _ _ _ _ _ _ _ _ _ _ _ _ _ _ _ _ _ _ _ _ _ _ _ _ _ _ _

self = <starlette.middleware.base.BaseHTTPMiddleware object at 0x00000136BF557C50>
scope = {'app': <fastapi.applications.FastAPI object at 0x00000136FE090790>, 'client': ('testclient', 50000), 'endpoint': <function analyze_chat at 0x00000136BF4AC9A0>, 'extensions': {'http.response.debug': {}}, ...}
receive = <function BaseHTTPMiddleware.__call__.<locals>.call_next.<locals>.receive_or_disconnect at 0x00000136BF572E80>
send = <function BaseHTTPMiddleware.__call__.<locals>.call_next.<locals>.send_no_error at 0x00000136BF572AC0>

    async def __call__(self, scope: Scope, receive: Receive, send: Send) -> None:
        if scope["type"] != "http":
            await self.app(scope, receive, send)
            return
    
        request = _CachedRequest(scope, receive)
        wrapped_receive = request.wrapped_receive
        response_sent = anyio.Event()
        app_exc: Exception | None = None
        exception_already_raised = False
    
        async def call_next(request: Request) -> Response:
            async def receive_or_disconnect() -> Message:
                if response_sent.is_set():
                    return {"type": "http.disconnect"}
    
                async with anyio.create_task_group() as task_group:
    
                    async def wrap(func: Callable[[], Awaitable[T]]) -> T:
                        result = await func()
                        task_group.cancel_scope.cancel()
                        return result
    
                    task_group.start_soon(wrap, response_sent.wait)
                    message = await wrap(wrapped_receive)
    
                if response_sent.is_set():
                    return {"type": "http.disconnect"}
    
                return message
    
            async def send_no_error(message: Message) -> None:
                try:
                    await send_stream.send(message)
                except anyio.BrokenResourceError:
                    # recv_stream has been closed, i.e. response_sent has been set.
                    return
    
            async def coro() -> None:
                nonlocal app_exc
    
                with send_stream:
                    try:
                        await self.app(scope, receive_or_disconnect, send_no_error)
                    except Exception as exc:
                        app_exc = exc
    
            task_group.start_soon(coro)
    
            try:
                message = await recv_stream.receive()
                info = message.get("info", None)
                if message["type"] == "http.response.debug" and info is not None:
                    message = await recv_stream.receive()
            except anyio.EndOfStream:
                if app_exc is not None:
                    nonlocal exception_already_raised
                    exception_already_raised = True
                    raise app_exc
                raise RuntimeError("No response returned.")
    
            assert message["type"] == "http.response.start"
    
            async def body_stream() -> BodyStreamGenerator:
                async for message in recv_stream:
                    if message["type"] == "http.response.pathsend":
                        yield message
                        break
                    assert message["type"] == "http.response.body", f"Unexpected message: {message}"
                    body = message.get("body", b"")
                    if body:
                        yield body
                    if not message.get("more_body", False):
                        break
    
            response = _StreamingResponse(status_code=message["status"], content=body_stream(), info=info)
            response.raw_headers = message["headers"]
            return response
    
        streams: anyio.create_memory_object_stream[Message] = anyio.create_memory_object_stream()
        send_stream, recv_stream = streams
>       with recv_stream, send_stream, collapse_excgroups():

..\..\..\AppData\Local\Programs\Python\Python311\Lib\site-packages\starlette\middleware\base.py:182: 
_ _ _ _ _ _ _ _ _ _ _ _ _ _ _ _ _ _ _ _ _ _ _ _ _ _ _ _ _ _ _ _ _ _ _ _ _ _ _ _

self = <contextlib._GeneratorContextManager object at 0x00000136BF579650>
typ = <class 'ExceptionGroup'>
value = ExceptionGroup('unhandled errors in a TaskGroup', [1 validation error for AnalysisResponse
radar_chart_data
  Field re...: 0.0, 'timeline': []}, input_type=dict]
    For further information visit https://errors.pydantic.dev/2.12/v/missing])
traceback = <traceback object at 0x00000136CBD42C80>

    def __exit__(self, typ, value, traceback):
        if typ is None:
            try:
                next(self.gen)
            except StopIteration:
                return False
            else:
                raise RuntimeError("generator didn't stop")
        else:
            if value is None:
                # Need to force instantiation so we can reliably
                # tell if we get the same exception back
                value = typ()
            try:
>               self.gen.throw(typ, value, traceback)

..\..\..\AppData\Local\Programs\Python\Python311\Lib\contextlib.py:155: 
_ _ _ _ _ _ _ _ _ _ _ _ _ _ _ _ _ _ _ _ _ _ _ _ _ _ _ _ _ _ _ _ _ _ _ _ _ _ _ _

    @contextmanager
    def collapse_excgroups() -> Generator[None, None, None]:
        try:
            yield
        except BaseException as exc:
            if has_exceptiongroups:  # pragma: no cover
                while isinstance(exc, BaseExceptionGroup) and len(exc.exceptions) == 1:
                    exc = exc.exceptions[0]
    
>           raise exc

..\..\..\AppData\Local\Programs\Python\Python311\Lib\site-packages\starlette\_utils.py:83: 
_ _ _ _ _ _ _ _ _ _ _ _ _ _ _ _ _ _ _ _ _ _ _ _ _ _ _ _ _ _ _ _ _ _ _ _ _ _ _ _

self = <starlette.middleware.base.BaseHTTPMiddleware object at 0x00000136BF557C50>
scope = {'app': <fastapi.applications.FastAPI object at 0x00000136FE090790>, 'client': ('testclient', 50000), 'endpoint': <function analyze_chat at 0x00000136BF4AC9A0>, 'extensions': {'http.response.debug': {}}, ...}
receive = <function BaseHTTPMiddleware.__call__.<locals>.call_next.<locals>.receive_or_disconnect at 0x00000136BF572E80>
send = <function BaseHTTPMiddleware.__call__.<locals>.call_next.<locals>.send_no_error at 0x00000136BF572AC0>

    async def __call__(self, scope: Scope, receive: Receive, send: Send) -> None:
        if scope["type"] != "http":
            await self.app(scope, receive, send)
            return
    
        request = _CachedRequest(scope, receive)
        wrapped_receive = request.wrapped_receive
        response_sent = anyio.Event()
        app_exc: Exception | None = None
        exception_already_raised = False
    
        async def call_next(request: Request) -> Response:
            async def receive_or_disconnect() -> Message:
                if response_sent.is_set():
                    return {"type": "http.disconnect"}
    
                async with anyio.create_task_group() as task_group:
    
                    async def wrap(func: Callable[[], Awaitable[T]]) -> T:
                        result = await func()
                        task_group.cancel_scope.cancel()
                        return result
    
                    task_group.start_soon(wrap, response_sent.wait)
                    message = await wrap(wrapped_receive)
    
                if response_sent.is_set():
                    return {"type": "http.disconnect"}
    
                return message
    
            async def send_no_error(message: Message) -> None:
                try:
                    await send_stream.send(message)
                except anyio.BrokenResourceError:
                    # recv_stream has been closed, i.e. response_sent has been set.
                    return
    
            async def coro() -> None:
                nonlocal app_exc
    
                with send_stream:
                    try:
                        await self.app(scope, receive_or_disconnect, send_no_error)
                    except Exception as exc:
                        app_exc = exc
    
            task_group.start_soon(coro)
    
            try:
                message = await recv_stream.receive()
                info = message.get("info", None)
                if message["type"] == "http.response.debug" and info is not None:
                    message = await recv_stream.receive()
            except anyio.EndOfStream:
                if app_exc is not None:
                    nonlocal exception_already_raised
                    exception_already_raised = True
                    raise app_exc
                raise RuntimeError("No response returned.")
    
            assert message["type"] == "http.response.start"
    
            async def body_stream() -> BodyStreamGenerator:
                async for message in recv_stream:
                    if message["type"] == "http.response.pathsend":
                        yield message
                        break
                    assert message["type"] == "http.response.body", f"Unexpected message: {message}"
                    body = message.get("body", b"")
                    if body:
                        yield body
                    if not message.get("more_body", False):
                        break
    
            response = _StreamingResponse(status_code=message["status"], content=body_stream(), info=info)
            response.raw_headers = message["headers"]
            return response
    
        streams: anyio.create_memory_object_stream[Message] = anyio.create_memory_object_stream()
        send_stream, recv_stream = streams
        with recv_stream, send_stream, collapse_excgroups():
            async with anyio.create_task_group() as task_group:
>               response = await self.dispatch_func(request, call_next)
                           ^^^^^^^^^^^^^^^^^^^^^^^^^^^^^^^^^^^^^^^^^^^^

..\..\..\AppData\Local\Programs\Python\Python311\Lib\site-packages\starlette\middleware\base.py:184: 
_ _ _ _ _ _ _ _ _ _ _ _ _ _ _ _ _ _ _ _ _ _ _ _ _ _ _ _ _ _ _ _ _ _ _ _ _ _ _ _

request = <starlette.middleware.base._CachedRequest object at 0x00000136BF579450>
call_next = <function BaseHTTPMiddleware.__call__.<locals>.call_next at 0x00000136BF573240>

    @app.middleware("http")
    async def verify_api_key(request: Request, call_next):
        # Skip auth if no API key is configured, or for health/CORS preflight
        if not _api_key or request.method == "OPTIONS" or request.url.path == "/":
>           return await call_next(request)
                   ^^^^^^^^^^^^^^^^^^^^^^^^

main.py:48: 
_ _ _ _ _ _ _ _ _ _ _ _ _ _ _ _ _ _ _ _ _ _ _ _ _ _ _ _ _ _ _ _ _ _ _ _ _ _ _ _

request = <starlette.middleware.base._CachedRequest object at 0x00000136BF579450>

    async def call_next(request: Request) -> Response:
        async def receive_or_disconnect() -> Message:
            if response_sent.is_set():
                return {"type": "http.disconnect"}
    
            async with anyio.create_task_group() as task_group:
    
                async def wrap(func: Callable[[], Awaitable[T]]) -> T:
                    result = await func()
                    task_group.cancel_scope.cancel()
                    return result
    
                task_group.start_soon(wrap, response_sent.wait)
                message = await wrap(wrapped_receive)
    
            if response_sent.is_set():
                return {"type": "http.disconnect"}
    
            return message
    
        async def send_no_error(message: Message) -> None:
            try:
                await send_stream.send(message)
            except anyio.BrokenResourceError:
                # recv_stream has been closed, i.e. response_sent has been set.
                return
    
        async def coro() -> None:
            nonlocal app_exc
    
            with send_stream:
                try:
                    await self.app(scope, receive_or_disconnect, send_no_error)
                except Exception as exc:
                    app_exc = exc
    
        task_group.start_soon(coro)
    
        try:
            message = await recv_stream.receive()
            info = message.get("info", None)
            if message["type"] == "http.response.debug" and info is not None:
                message = await recv_stream.receive()
        except anyio.EndOfStream:
            if app_exc is not None:
                nonlocal exception_already_raised
                exception_already_raised = True
>               raise app_exc

..\..\..\AppData\Local\Programs\Python\Python311\Lib\site-packages\starlette\middleware\base.py:159: 
_ _ _ _ _ _ _ _ _ _ _ _ _ _ _ _ _ _ _ _ _ _ _ _ _ _ _ _ _ _ _ _ _ _ _ _ _ _ _ _

    async def coro() -> None:
        nonlocal app_exc
    
        with send_stream:
            try:
>               await self.app(scope, receive_or_disconnect, send_no_error)

..\..\..\AppData\Local\Programs\Python\Python311\Lib\site-packages\starlette\middleware\base.py:144: 
_ _ _ _ _ _ _ _ _ _ _ _ _ _ _ _ _ _ _ _ _ _ _ _ _ _ _ _ _ _ _ _ _ _ _ _ _ _ _ _

self = <starlette.middleware.cors.CORSMiddleware object at 0x00000136BDDF8D90>
scope = {'app': <fastapi.applications.FastAPI object at 0x00000136FE090790>, 'client': ('testclient', 50000), 'endpoint': <function analyze_chat at 0x00000136BF4AC9A0>, 'extensions': {'http.response.debug': {}}, ...}
receive = <function BaseHTTPMiddleware.__call__.<locals>.call_next.<locals>.receive_or_disconnect at 0x00000136BF572CA0>
send = <function BaseHTTPMiddleware.__call__.<locals>.call_next.<locals>.send_no_error at 0x00000136BF572B60>

    async def __call__(self, scope: Scope, receive: Receive, send: Send) -> None:
        if scope["type"] != "http":  # pragma: no cover
            await self.app(scope, receive, send)
            return
    
        method = scope["method"]
        headers = Headers(scope=scope)
        origin = headers.get("origin")
    
        if origin is None:
>           await self.app(scope, receive, send)

..\..\..\AppData\Local\Programs\Python\Python311\Lib\site-packages\starlette\middleware\cors.py:85: 
_ _ _ _ _ _ _ _ _ _ _ _ _ _ _ _ _ _ _ _ _ _ _ _ _ _ _ _ _ _ _ _ _ _ _ _ _ _ _ _

self = <starlette.middleware.exceptions.ExceptionMiddleware object at 0x00000136BF557BD0>
scope = {'app': <fastapi.applications.FastAPI object at 0x00000136FE090790>, 'client': ('testclient', 50000), 'endpoint': <function analyze_chat at 0x00000136BF4AC9A0>, 'extensions': {'http.response.debug': {}}, ...}
receive = <function BaseHTTPMiddleware.__call__.<locals>.call_next.<locals>.receive_or_disconnect at 0x00000136BF572CA0>
send = <function BaseHTTPMiddleware.__call__.<locals>.call_next.<locals>.send_no_error at 0x00000136BF572B60>

    async def __call__(self, scope: Scope, receive: Receive, send: Send) -> None:
        if scope["type"] not in ("http", "websocket"):
            await self.app(scope, receive, send)
            return
    
        scope["starlette.exception_handlers"] = (
            self._exception_handlers,
            self._status_handlers,
        )
    
        conn: Request | WebSocket
        if scope["type"] == "http":
            conn = Request(scope, receive, send)
        else:
            conn = WebSocket(scope, receive, send)
    
>       await wrap_app_handling_exceptions(self.app, conn)(scope, receive, send)

..\..\..\AppData\Local\Programs\Python\Python311\Lib\site-packages\starlette\middleware\exceptions.py:63: 
_ _ _ _ _ _ _ _ _ _ _ _ _ _ _ _ _ _ _ _ _ _ _ _ _ _ _ _ _ _ _ _ _ _ _ _ _ _ _ _

scope = {'app': <fastapi.applications.FastAPI object at 0x00000136FE090790>, 'client': ('testclient', 50000), 'endpoint': <function analyze_chat at 0x00000136BF4AC9A0>, 'extensions': {'http.response.debug': {}}, ...}
receive = <function BaseHTTPMiddleware.__call__.<locals>.call_next.<locals>.receive_or_disconnect at 0x00000136BF572CA0>
send = <function BaseHTTPMiddleware.__call__.<locals>.call_next.<locals>.send_no_error at 0x00000136BF572B60>

    async def wrapped_app(scope: Scope, receive: Receive, send: Send) -> None:
        response_started = False
    
        async def sender(message: Message) -> None:
            nonlocal response_started
    
            if message["type"] == "http.response.start":
                response_started = True
            await send(message)
    
        try:
            await app(scope, receive, sender)
        except Exception as exc:
            handler = None
    
            if isinstance(exc, HTTPException):
                handler = status_handlers.get(exc.status_code)
    
            if handler is None:
                handler = _lookup_exception_handler(exception_handlers, exc)
    
            if handler is None:
>               raise exc

..\..\..\AppData\Local\Programs\Python\Python311\Lib\site-packages\starlette\_exception_handler.py:53: 
_ _ _ _ _ _ _ _ _ _ _ _ _ _ _ _ _ _ _ _ _ _ _ _ _ _ _ _ _ _ _ _ _ _ _ _ _ _ _ _

scope = {'app': <fastapi.applications.FastAPI object at 0x00000136FE090790>, 'client': ('testclient', 50000), 'endpoint': <function analyze_chat at 0x00000136BF4AC9A0>, 'extensions': {'http.response.debug': {}}, ...}
receive = <function BaseHTTPMiddleware.__call__.<locals>.call_next.<locals>.receive_or_disconnect at 0x00000136BF572CA0>
send = <function BaseHTTPMiddleware.__call__.<locals>.call_next.<locals>.send_no_error at 0x00000136BF572B60>

    async def wrapped_app(scope: Scope, receive: Receive, send: Send) -> None:
        response_started = False
    
        async def sender(message: Message) -> None:
            nonlocal response_started
    
            if message["type"] == "http.response.start":
                response_started = True
            await send(message)
    
        try:
>           await app(scope, receive, sender)

..\..\..\AppData\Local\Programs\Python\Python311\Lib\site-packages\starlette\_exception_handler.py:42: 
_ _ _ _ _ _ _ _ _ _ _ _ _ _ _ _ _ _ _ _ _ _ _ _ _ _ _ _ _ _ _ _ _ _ _ _ _ _ _ _

self = <fastapi.routing.APIRouter object at 0x00000136BD646090>
scope = {'app': <fastapi.applications.FastAPI object at 0x00000136FE090790>, 'client': ('testclient', 50000), 'endpoint': <function analyze_chat at 0x00000136BF4AC9A0>, 'extensions': {'http.response.debug': {}}, ...}
receive = <function BaseHTTPMiddleware.__call__.<locals>.call_next.<locals>.receive_or_disconnect at 0x00000136BF572CA0>
send = <function wrap_app_handling_exceptions.<locals>.wrapped_app.<locals>.sender at 0x00000136BF573060>

    async def __call__(self, scope: Scope, receive: Receive, send: Send) -> None:
        """
        The main entry point to the Router class.
        """
>       await self.middleware_stack(scope, receive, send)

..\..\..\AppData\Local\Programs\Python\Python311\Lib\site-packages\starlette\routing.py:716: 
_ _ _ _ _ _ _ _ _ _ _ _ _ _ _ _ _ _ _ _ _ _ _ _ _ _ _ _ _ _ _ _ _ _ _ _ _ _ _ _

self = <fastapi.routing.APIRouter object at 0x00000136BD646090>
scope = {'app': <fastapi.applications.FastAPI object at 0x00000136FE090790>, 'client': ('testclient', 50000), 'endpoint': <function analyze_chat at 0x00000136BF4AC9A0>, 'extensions': {'http.response.debug': {}}, ...}
receive = <function BaseHTTPMiddleware.__call__.<locals>.call_next.<locals>.receive_or_disconnect at 0x00000136BF572CA0>
send = <function wrap_app_handling_exceptions.<locals>.wrapped_app.<locals>.sender at 0x00000136BF573060>

    async def app(self, scope: Scope, receive: Receive, send: Send) -> None:
        assert scope["type"] in ("http", "websocket", "lifespan")
    
        if "router" not in scope:
            scope["router"] = self
    
        if scope["type"] == "lifespan":
            await self.lifespan(scope, receive, send)
            return
    
        partial = None
    
        for route in self.routes:
            # Determine if any route matches the incoming scope,
            # and hand over to the matching route if found.
            match, child_scope = route.matches(scope)
            if match == Match.FULL:
                scope.update(child_scope)
>               await route.handle(scope, receive, send)

..\..\..\AppData\Local\Programs\Python\Python311\Lib\site-packages\starlette\routing.py:736: 
_ _ _ _ _ _ _ _ _ _ _ _ _ _ _ _ _ _ _ _ _ _ _ _ _ _ _ _ _ _ _ _ _ _ _ _ _ _ _ _

self = APIRoute(path='/api/analyze', name='analyze_chat', methods=['POST'])
scope = {'app': <fastapi.applications.FastAPI object at 0x00000136FE090790>, 'client': ('testclient', 50000), 'endpoint': <function analyze_chat at 0x00000136BF4AC9A0>, 'extensions': {'http.response.debug': {}}, ...}
receive = <function BaseHTTPMiddleware.__call__.<locals>.call_next.<locals>.receive_or_disconnect at 0x00000136BF572CA0>
send = <function wrap_app_handling_exceptions.<locals>.wrapped_app.<locals>.sender at 0x00000136BF573060>

    async def handle(self, scope: Scope, receive: Receive, send: Send) -> None:
        if self.methods and scope["method"] not in self.methods:
            headers = {"Allow": ", ".join(self.methods)}
            if "app" in scope:
                raise HTTPException(status_code=405, headers=headers)
            else:
                response = PlainTextResponse("Method Not Allowed", status_code=405, headers=headers)
            await response(scope, receive, send)
        else:
>           await self.app(scope, receive, send)

..\..\..\AppData\Local\Programs\Python\Python311\Lib\site-packages\starlette\routing.py:290: 
_ _ _ _ _ _ _ _ _ _ _ _ _ _ _ _ _ _ _ _ _ _ _ _ _ _ _ _ _ _ _ _ _ _ _ _ _ _ _ _

scope = {'app': <fastapi.applications.FastAPI object at 0x00000136FE090790>, 'client': ('testclient', 50000), 'endpoint': <function analyze_chat at 0x00000136BF4AC9A0>, 'extensions': {'http.response.debug': {}}, ...}
receive = <function BaseHTTPMiddleware.__call__.<locals>.call_next.<locals>.receive_or_disconnect at 0x00000136BF572CA0>
send = <function wrap_app_handling_exceptions.<locals>.wrapped_app.<locals>.sender at 0x00000136BF573060>

    async def app(scope: Scope, receive: Receive, send: Send) -> None:
        request = Request(scope, receive, send)
    
        async def app(scope: Scope, receive: Receive, send: Send) -> None:
            response = await f(request)
            await response(scope, receive, send)
    
>       await wrap_app_handling_exceptions(app, request)(scope, receive, send)

..\..\..\AppData\Local\Programs\Python\Python311\Lib\site-packages\starlette\routing.py:78: 
_ _ _ _ _ _ _ _ _ _ _ _ _ _ _ _ _ _ _ _ _ _ _ _ _ _ _ _ _ _ _ _ _ _ _ _ _ _ _ _

scope = {'app': <fastapi.applications.FastAPI object at 0x00000136FE090790>, 'client': ('testclient', 50000), 'endpoint': <function analyze_chat at 0x00000136BF4AC9A0>, 'extensions': {'http.response.debug': {}}, ...}
receive = <function BaseHTTPMiddleware.__call__.<locals>.call_next.<locals>.receive_or_disconnect at 0x00000136BF572CA0>
send = <function wrap_app_handling_exceptions.<locals>.wrapped_app.<locals>.sender at 0x00000136BF573060>

    async def wrapped_app(scope: Scope, receive: Receive, send: Send) -> None:
        response_started = False
    
        async def sender(message: Message) -> None:
            nonlocal response_started
    
            if message["type"] == "http.response.start":
                response_started = True
            await send(message)
    
        try:
            await app(scope, receive, sender)
        except Exception as exc:
            handler = None
    
            if isinstance(exc, HTTPException):
                handler = status_handlers.get(exc.status_code)
    
            if handler is None:
                handler = _lookup_exception_handler(exception_handlers, exc)
    
            if handler is None:
>               raise exc

..\..\..\AppData\Local\Programs\Python\Python311\Lib\site-packages\starlette\_exception_handler.py:53: 
_ _ _ _ _ _ _ _ _ _ _ _ _ _ _ _ _ _ _ _ _ _ _ _ _ _ _ _ _ _ _ _ _ _ _ _ _ _ _ _

scope = {'app': <fastapi.applications.FastAPI object at 0x00000136FE090790>, 'client': ('testclient', 50000), 'endpoint': <function analyze_chat at 0x00000136BF4AC9A0>, 'extensions': {'http.response.debug': {}}, ...}
receive = <function BaseHTTPMiddleware.__call__.<locals>.call_next.<locals>.receive_or_disconnect at 0x00000136BF572CA0>
send = <function wrap_app_handling_exceptions.<locals>.wrapped_app.<locals>.sender at 0x00000136BF573060>

    async def wrapped_app(scope: Scope, receive: Receive, send: Send) -> None:
        response_started = False
    
        async def sender(message: Message) -> None:
            nonlocal response_started
    
            if message["type"] == "http.response.start":
                response_started = True
            await send(message)
    
        try:
>           await app(scope, receive, sender)

..\..\..\AppData\Local\Programs\Python\Python311\Lib\site-packages\starlette\_exception_handler.py:42: 
_ _ _ _ _ _ _ _ _ _ _ _ _ _ _ _ _ _ _ _ _ _ _ _ _ _ _ _ _ _ _ _ _ _ _ _ _ _ _ _

scope = {'app': <fastapi.applications.FastAPI object at 0x00000136FE090790>, 'client': ('testclient', 50000), 'endpoint': <function analyze_chat at 0x00000136BF4AC9A0>, 'extensions': {'http.response.debug': {}}, ...}
receive = <function BaseHTTPMiddleware.__call__.<locals>.call_next.<locals>.receive_or_disconnect at 0x00000136BF572CA0>
send = <function wrap_app_handling_exceptions.<locals>.wrapped_app.<locals>.sender at 0x00000136BF5736A0>

    async def app(scope: Scope, receive: Receive, send: Send) -> None:
>       response = await f(request)
                   ^^^^^^^^^^^^^^^^

..\..\..\AppData\Local\Programs\Python\Python311\Lib\site-packages\starlette\routing.py:75: 
_ _ _ _ _ _ _ _ _ _ _ _ _ _ _ _ _ _ _ _ _ _ _ _ _ _ _ _ _ _ _ _ _ _ _ _ _ _ _ _

request = <starlette.requests.Request object at 0x00000136BDDDBBD0>

    async def app(request: Request) -> Response:
        response: Union[Response, None] = None
        async with AsyncExitStack() as file_stack:
            try:
                body: Any = None
                if body_field:
                    if is_body_form:
                        body = await request.form()
                        file_stack.push_async_callback(body.close)
                    else:
                        body_bytes = await request.body()
                        if body_bytes:
                            json_body: Any = Undefined
                            content_type_value = request.headers.get("content-type")
                            if not content_type_value:
                                json_body = await request.json()
                            else:
                                message = email.message.Message()
                                message["content-type"] = content_type_value
                                if message.get_content_maintype() == "application":
                                    subtype = message.get_content_subtype()
                                    if subtype == "json" or subtype.endswith("+json"):
                                        json_body = await request.json()
                            if json_body != Undefined:
                                body = json_body
                            else:
                                body = body_bytes
            except json.JSONDecodeError as e:
                validation_error = RequestValidationError(
                    [
                        {
                            "type": "json_invalid",
                            "loc": ("body", e.pos),
                            "msg": "JSON decode error",
                            "input": {},
                            "ctx": {"error": e.msg},
                        }
                    ],
                    body=e.doc,
                )
                raise validation_error from e
            except HTTPException:
                # If a middleware raises an HTTPException, it should be raised again
                raise
            except Exception as e:
                http_error = HTTPException(
                    status_code=400, detail="There was an error parsing the body"
                )
                raise http_error from e
            errors: List[Any] = []
            async with AsyncExitStack() as async_exit_stack:
                solved_result = await solve_dependencies(
                    request=request,
                    dependant=dependant,
                    body=body,
                    dependency_overrides_provider=dependency_overrides_provider,
                    async_exit_stack=async_exit_stack,
                    embed_body_fields=embed_body_fields,
                )
                errors = solved_result.errors
                if not errors:
>                   raw_response = await run_endpoint_function(
                        dependant=dependant,
                        values=solved_result.values,
                        is_coroutine=is_coroutine,
                    )

..\..\..\AppData\Local\Programs\Python\Python311\Lib\site-packages\fastapi\routing.py:302: 
_ _ _ _ _ _ _ _ _ _ _ _ _ _ _ _ _ _ _ _ _ _ _ _ _ _ _ _ _ _ _ _ _ _ _ _ _ _ _ _

    async def run_endpoint_function(
        *, dependant: Dependant, values: Dict[str, Any], is_coroutine: bool
    ) -> Any:
        # Only called by get_request_handler. Has been split into its own function to
        # facilitate profiling endpoints, since inner functions are harder to profile.
        assert dependant.call is not None, "dependant.call must be a function"
    
        if is_coroutine:
>           return await dependant.call(**values)
                   ^^^^^^^^^^^^^^^^^^^^^^^^^^^^^^

..\..\..\AppData\Local\Programs\Python\Python311\Lib\site-packages\fastapi\routing.py:213: 
_ _ _ _ _ _ _ _ _ _ _ _ _ _ _ _ _ _ _ _ _ _ _ _ _ _ _ _ _ _ _ _ _ _ _ _ _ _ _ _

request = AnalyzeRequest(text='', suspect_name='', stateless=True, context_factors=[])
detector_model = <inference.model.ManipulationModel object at 0x00000136BF57AF50>
semantic_analyzer = <inference.semantic_engine.SemanticAnalyzer object at 0x00000136C8CF4AD0>
context_engine = <utils.context_engine.ContextEngine object at 0x00000136BD825850>

    @app.post("/api/analyze", response_model=AnalysisResponse)
    async def analyze_chat(
        request: AnalyzeRequest,
        detector_model: ManipulationModel = Depends(get_detector_model),
        semantic_analyzer: SemanticAnalyzer = Depends(get_semantic_analyzer),
        context_engine: ContextEngine = Depends(get_context_engine),
    ):
        events = parse_chat_log(request.text, request.suspect_name)
    
        if not events:
            # Return empty safe state
>           return AnalysisResponse(
                segments=[],
                risk_score=0.0,
                risk_level="Safe",
                primary_pattern="None",
                cycle_phase="Normal",
                darvo_score=0.0,
                timeline=[]
            )
E           pydantic_core._pydantic_core.ValidationError: 1 validation error for AnalysisResponse
E           radar_chart_data
E             Field required [type=missing, input_value={'segments': [], 'risk_sc...e': 0.0, 'timeline': []}, input_type=dict]
E               For further information visit https://errors.pydantic.dev/2.12/v/missing

main.py:289: ValidationError
---------------------------- Captured stdout call -----------------------------
\u2705 Model Loaded Successfully
---------------------------- Captured stderr call -----------------------------
2026-03-07 23:31:17.982692: I tensorflow/core/util/port.cc:113] oneDNN custom operations are on. You may see slightly different numerical results due to floating-point round-off errors from different computation orders. To turn them off, set the environment variable `TF_ENABLE_ONEDNN_OPTS=0`.
------------------------------ Captured log call ------------------------------
WARNING  inference.model:model.py:24 Model path C:\Users\HP\Desktop\ManTacAi\manipulation_tactic_detector_model not found. Loading base emotion model for testing.
WARNING  tensorflow:module_wrapper.py:149 From C:\Users\HP\AppData\Local\Programs\Python\Python311\Lib\site-packages\keras\src\losses.py:2976: The name tf.losses.sparse_softmax_cross_entropy is deprecated. Please use tf.compat.v1.losses.sparse_softmax_cross_entropy instead.
______________________ TestWhatsAppFormat.test_wa_format ______________________

self = <test_parse_chat.TestWhatsAppFormat object at 0x00000136BF4CFB10>

    def test_wa_format(self):
        log = "12/5/23, 10:30 AM - Alex: Hey are you there\n12/5/23, 10:31 AM - You: Yes what's up"
        result = parse_chat_log(log)
>       assert len(result) == 2
E       assert 1 == 2
E        +  where 1 = len([{'msg': "12/5/23, 10:30 AM - Alex: Hey are you there 12/5/23, 10:31 AM - You: Yes what's up", 'sender': 'unknown', 'sender_name': 'Subject B', 'ts': 1701752400.0}])

tests\test_parse_chat.py:56: AssertionError
_____________________ TestWhatsAppFormat.test_wa_suspect ______________________

self = <test_parse_chat.TestWhatsAppFormat object at 0x00000136BF4D4190>

    def test_wa_suspect(self):
        log = "1/15/24, 3:45 PM - Alex: Don't talk to them\n1/15/24, 3:46 PM - Me: Why not"
        result = parse_chat_log(log, suspect_name="Alex")
        suspects = [r for r in result if r["sender"] == "suspect"]
>       assert len(suspects) >= 1
E       assert 0 >= 1
E        +  where 0 = len([])

tests\test_parse_chat.py:63: AssertionError
============================== warnings summary ===============================
main.py:85
  C:\Users\HP\Desktop\ManTacAi\backend\main.py:85: DeprecationWarning: 
          on_event is deprecated, use lifespan event handlers instead.
  
          Read more about it in the
          [FastAPI docs for Lifespan Events](https://fastapi.tiangolo.com/advanced/events/).
          
    @app.on_event("startup")

..\..\..\AppData\Local\Programs\Python\Python311\Lib\site-packages\fastapi\applications.py:4495
  C:\Users\HP\AppData\Local\Programs\Python\Python311\Lib\site-packages\fastapi\applications.py:4495: DeprecationWarning: 
          on_event is deprecated, use lifespan event handlers instead.
  
          Read more about it in the
          [FastAPI docs for Lifespan Events](https://fastapi.tiangolo.com/advanced/events/).
          
    return self.router.on_event(event_type)

tests/test_api.py::TestAnalyzeEndpoint::test_empty_text_returns_safe
tests/test_api.py::TestAnalyzeEndpoint::test_empty_text_returns_safe
  C:\Users\HP\AppData\Local\Programs\Python\Python311\Lib\site-packages\tensorflow\lite\python\util.py:51: DeprecationWarning: jax.xla_computation is deprecated. Please use the AOT APIs.
    from jax import xla_computation as _xla_computation

-- Docs: https://docs.pytest.org/en/stable/how-to/capture-warnings.html
=========================== short test summary info ===========================
FAILED tests/test_api.py::TestAnalyzeEndpoint::test_empty_text_returns_safe
FAILED tests/test_parse_chat.py::TestWhatsAppFormat::test_wa_format - assert ...
FAILED tests/test_parse_chat.py::TestWhatsAppFormat::test_wa_suspect - assert...
================== 3 failed, 25 passed, 4 warnings in 17.15s ==================
